###############################################################################
#
# IAR ELF Linker V8.32.1.169/W32 for ARM                  16/Dec/2018  21:15:34
# Copyright 2007-2018 IAR Systems AB.
#
#    Output file  =  
#        D:\ProjectCar\2thProject\ProjectCar\Projecct\IAR\program\MK60_Debug\Exe\SeekFree_Kinetis.out
#    Map file     =  
#        D:\ProjectCar\2thProject\ProjectCar\Projecct\IAR\program\MK60_Debug\List\SeekFree_Kinetis.map
#    Command line =  
#        -f C:\Users\Xu\AppData\Local\Temp\EWB898.tmp
#        (D:\ProjectCar\2thProject\ProjectCar\Projecct\IAR\program\MK60_Debug\Obj\Camera.o
#        D:\ProjectCar\2thProject\ProjectCar\Projecct\IAR\program\MK60_Debug\Obj\common.o
#        D:\ProjectCar\2thProject\ProjectCar\Projecct\IAR\program\MK60_Debug\Obj\Coordinate.o
#        D:\ProjectCar\2thProject\ProjectCar\Projecct\IAR\program\MK60_Debug\Obj\diskio.o
#        D:\ProjectCar\2thProject\ProjectCar\Projecct\IAR\program\MK60_Debug\Obj\Encoder.o
#        D:\ProjectCar\2thProject\ProjectCar\Projecct\IAR\program\MK60_Debug\Obj\ff.o
#        D:\ProjectCar\2thProject\ProjectCar\Projecct\IAR\program\MK60_Debug\Obj\Global.o
#        D:\ProjectCar\2thProject\ProjectCar\Projecct\IAR\program\MK60_Debug\Obj\GraySensor.o
#        D:\ProjectCar\2thProject\ProjectCar\Projecct\IAR\program\MK60_Debug\Obj\main.o
#        D:\ProjectCar\2thProject\ProjectCar\Projecct\IAR\program\MK60_Debug\Obj\misc.o
#        D:\ProjectCar\2thProject\ProjectCar\Projecct\IAR\program\MK60_Debug\Obj\MK60DN10_adc.o
#        D:\ProjectCar\2thProject\ProjectCar\Projecct\IAR\program\MK60_Debug\Obj\MK60DN10_cmt.o
#        D:\ProjectCar\2thProject\ProjectCar\Projecct\IAR\program\MK60_Debug\Obj\MK60DN10_dac.o
#        D:\ProjectCar\2thProject\ProjectCar\Projecct\IAR\program\MK60_Debug\Obj\MK60DN10_dma.o
#        D:\ProjectCar\2thProject\ProjectCar\Projecct\IAR\program\MK60_Debug\Obj\MK60DN10_flash.o
#        D:\ProjectCar\2thProject\ProjectCar\Projecct\IAR\program\MK60_Debug\Obj\MK60DN10_ftm.o
#        D:\ProjectCar\2thProject\ProjectCar\Projecct\IAR\program\MK60_Debug\Obj\MK60DN10_gpio.o
#        D:\ProjectCar\2thProject\ProjectCar\Projecct\IAR\program\MK60_Debug\Obj\MK60DN10_i2c.o
#        D:\ProjectCar\2thProject\ProjectCar\Projecct\IAR\program\MK60_Debug\Obj\MK60DN10_lptmr.o
#        D:\ProjectCar\2thProject\ProjectCar\Projecct\IAR\program\MK60_Debug\Obj\MK60DN10_pit.o
#        D:\ProjectCar\2thProject\ProjectCar\Projecct\IAR\program\MK60_Debug\Obj\MK60DN10_port.o
#        D:\ProjectCar\2thProject\ProjectCar\Projecct\IAR\program\MK60_Debug\Obj\MK60DN10_rtc.o
#        D:\ProjectCar\2thProject\ProjectCar\Projecct\IAR\program\MK60_Debug\Obj\MK60DN10_sdhc.o
#        D:\ProjectCar\2thProject\ProjectCar\Projecct\IAR\program\MK60_Debug\Obj\MK60DN10_spi.o
#        D:\ProjectCar\2thProject\ProjectCar\Projecct\IAR\program\MK60_Debug\Obj\MK60DN10_systick.o
#        D:\ProjectCar\2thProject\ProjectCar\Projecct\IAR\program\MK60_Debug\Obj\MK60DN10_uart.o
#        D:\ProjectCar\2thProject\ProjectCar\Projecct\IAR\program\MK60_Debug\Obj\MK60DN10_wdog.o
#        D:\ProjectCar\2thProject\ProjectCar\Projecct\IAR\program\MK60_Debug\Obj\Motor.o
#        D:\ProjectCar\2thProject\ProjectCar\Projecct\IAR\program\MK60_Debug\Obj\PID.o
#        D:\ProjectCar\2thProject\ProjectCar\Projecct\IAR\program\MK60_Debug\Obj\SEEKFREE_18TFT.o
#        D:\ProjectCar\2thProject\ProjectCar\Projecct\IAR\program\MK60_Debug\Obj\SEEKFREE_7725.o
#        D:\ProjectCar\2thProject\ProjectCar\Projecct\IAR\program\MK60_Debug\Obj\SEEKFREE_FUN.o
#        D:\ProjectCar\2thProject\ProjectCar\Projecct\IAR\program\MK60_Debug\Obj\SEEKFREE_IIC.o
#        D:\ProjectCar\2thProject\ProjectCar\Projecct\IAR\program\MK60_Debug\Obj\SEEKFREE_L3G4200D.o
#        D:\ProjectCar\2thProject\ProjectCar\Projecct\IAR\program\MK60_Debug\Obj\SEEKFREE_MMA8451.o
#        D:\ProjectCar\2thProject\ProjectCar\Projecct\IAR\program\MK60_Debug\Obj\SEEKFREE_MPU6050.o
#        D:\ProjectCar\2thProject\ProjectCar\Projecct\IAR\program\MK60_Debug\Obj\SEEKFREE_MT9V032.o
#        D:\ProjectCar\2thProject\ProjectCar\Projecct\IAR\program\MK60_Debug\Obj\SEEKFREE_NRF24L01.o
#        D:\ProjectCar\2thProject\ProjectCar\Projecct\IAR\program\MK60_Debug\Obj\SEEKFREE_OLED.o
#        D:\ProjectCar\2thProject\ProjectCar\Projecct\IAR\program\MK60_Debug\Obj\SEEKFREE_TSL1401.o
#        D:\ProjectCar\2thProject\ProjectCar\Projecct\IAR\program\MK60_Debug\Obj\startup_MK60D10.o
#        D:\ProjectCar\2thProject\ProjectCar\Projecct\IAR\program\MK60_Debug\Obj\Steering.o
#        D:\ProjectCar\2thProject\ProjectCar\Projecct\IAR\program\MK60_Debug\Obj\system_MK60D10.o
#        D:\ProjectCar\2thProject\ProjectCar\Projecct\IAR\program\MK60_Debug\Obj\Track.o
#        --no_out_extension -o
#        D:\ProjectCar\2thProject\ProjectCar\Projecct\IAR\program\MK60_Debug\Exe\SeekFree_Kinetis.out
#        --map
#        D:\ProjectCar\2thProject\ProjectCar\Projecct\IAR\program\MK60_Debug\List\SeekFree_Kinetis.map
#        --config D:\IAR\arm\config\linker\NXP\MK60xN512_10.icf --semihosting
#        --entry __iar_program_start --vfe --utf8_text_in --text_out utf8
#        --no_bom)
#
###############################################################################

*******************************************************************************
*** RUNTIME MODEL ATTRIBUTES
***

CppFlavor       = *
__Heap_Handler  = NoFree
__SystemLibrary = DLib
__dlib_version  = 6


*******************************************************************************
*** HEAP SELECTION
***

The no free heap was selected because no calls to memory
deallocation functions were found in the application.


*******************************************************************************
*** PLACEMENT SUMMARY
***

"A0":  place at 0x0 { ro section .intvec };
"P2":  place in [from 0x0 to 0x3ff] |
                [from 0x410 to 0x7'ffff] { ro };
define block CSTACK with size = 8K, alignment = 8 { };
define block HEAP with size = 16K, alignment = 8 { };
"P3":  place in [from 0x1fff'0000 to 0x1fff'ffff repeat 2] {
          rw, block CSTACK, block HEAP };
initialize by copy { rw };

No sections matched the following patterns:

  section FlashConfig  in "P1"


  Section            Kind         Address    Size  Object
  -------            ----         -------    ----  ------
"A0":                                       0x410
  .intvec            ro code          0x0   0x410  startup_MK60D10.o [1]
                                  - 0x410   0x410

"P2":                                      0x2e38
  .text              ro code        0x410   0x3cc  SEEKFREE_OLED.o [1]
  .text              ro code        0x7dc   0x180  MK60DN10_gpio.o [1]
  .text              ro code        0x95c    0xec  MK60DN10_port.o [1]
  .text              ro code        0xa48   0x380  PID.o [1]
  .text              ro code        0xdc8    0xd8  FltMul.o [3]
  .text              ro code        0xea0    0x80  FltSub.o [3]
  .text              ro code        0xf20    0xe2  FltAdd.o [3]
  .text              ro code       0x1002    0x28  SEEKFREE_FUN.o [1]
  .text              ro code       0x102a    0x3a  zero_init3.o [4]
  .text              ro code       0x1064    0x24  FltCmpGe.o [3]
  .text              ro code       0x1088    0x24  FltCmpLe.o [3]
  .text              ro code       0x10ac    0xfc  FltDiv.o [3]
  .text              ro code       0x11a8   0x370  Camera.o [1]
  .text              ro code       0x1518   0x35e  SEEKFREE_7725.o [1]
  .text              ro code       0x1878    0x22  S32ToDbl.o [3]
  .text              ro code       0x189c   0x1a2  DblMul.o [3]
  .text              ro code       0x1a40    0x68  DblToFlt.o [3]
  .text              ro code       0x1aa8    0x48  FltToDbl.o [3]
  .text              ro code       0x1af0   0x246  DblDiv.o [3]
  .text              ro code       0x1d38   0x17a  DblAdd.o [3]
  .text              ro code       0x1eb4    0x24  S32ToFlt.o [3]
  .text              ro code       0x1ed8   0x258  SEEKFREE_IIC.o [1]
  .text              ro code       0x2130    0x44  MK60DN10_systick.o [1]
  .text              ro code       0x2174   0x2c8  MK60DN10_dma.o [1]
  .text              ro code       0x243c    0xd2  DblSub.o [3]
  .text              ro code       0x2510   0x1fc  MK60DN10_ftm.o [1]
  .text              ro code       0x270c   0x1c8  Motor.o [1]
  .text              ro code       0x28d4    0x2a  FltToS32.o [3]
  .text              ro code       0x2900   0x1ac  MK60DN10_uart.o [1]
  .text              ro code       0x2aac   0x194  Track.o [1]
  .text              ro code       0x2c40   0x112  Encoder.o [1]
  .text              ro code       0x2d54    0x1c  FltCmpEq.o [3]
  .text              ro code       0x2d70    0xc2  system_MK60D10.o [1]
  .text              ro code       0x2e34    0xa8  main.o [1]
  .text              ro code       0x2edc    0x54  common.o [1]
  .text              ro code       0x2f30    0x3c  MK60DN10_pit.o [1]
  .text              ro code       0x2f6c    0x2c  copy_init3.o [4]
  .text              ro code       0x2f98    0x28  data_init.o [4]
  .iar.init_table    const         0x2fc0    0x24  - Linker created -
  .text              ro code       0x2fe4    0x1e  cmain.o [4]
  .text              ro code       0x3002     0x4  low_level_init.o [2]
  .text              ro code       0x3006     0x4  exit.o [2]
  .text              ro code       0x300c     0xa  cexit.o [4]
  .text              ro code       0x3018    0x14  exit.o [5]
  .text              ro code       0x302c    0x10  startup_MK60D10.o [1]
  .text              ro code       0x303c     0xc  cstartup_M.o [4]
  .text              ro code       0x3048     0x4  startup_MK60D10.o [1]
  .text              ro code       0x304c     0x4  startup_MK60D10.o [1]
  .text              ro code       0x3050     0x4  startup_MK60D10.o [1]
  .text              ro code       0x3054     0x4  startup_MK60D10.o [1]
  .text              ro code       0x3058     0x4  startup_MK60D10.o [1]
  .text              ro code       0x305c     0x4  startup_MK60D10.o [1]
  .text              ro code       0x3060     0x4  startup_MK60D10.o [1]
  .text              ro code       0x3064     0x4  startup_MK60D10.o [1]
  .text              ro code       0x3068     0x4  startup_MK60D10.o [1]
  .text              ro code       0x306c     0x4  startup_MK60D10.o [1]
  .text              ro code       0x3070     0x4  startup_MK60D10.o [1]
  .text              ro code       0x3074     0x4  startup_MK60D10.o [1]
  .text              ro code       0x3078     0x4  startup_MK60D10.o [1]
  .text              ro code       0x307c     0x4  startup_MK60D10.o [1]
  .text              ro code       0x3080     0x4  startup_MK60D10.o [1]
  .text              ro code       0x3084     0x4  startup_MK60D10.o [1]
  .text              ro code       0x3088     0x4  startup_MK60D10.o [1]
  .text              ro code       0x308c     0x4  startup_MK60D10.o [1]
  .text              ro code       0x3090     0x4  startup_MK60D10.o [1]
  .text              ro code       0x3094     0x4  startup_MK60D10.o [1]
  .text              ro code       0x3098     0x4  startup_MK60D10.o [1]
  .text              ro code       0x309c     0x4  startup_MK60D10.o [1]
  .text              ro code       0x30a0     0x4  startup_MK60D10.o [1]
  .text              ro code       0x30a4     0x4  startup_MK60D10.o [1]
  .text              ro code       0x30a8     0x4  startup_MK60D10.o [1]
  .text              ro code       0x30ac     0x4  startup_MK60D10.o [1]
  .text              ro code       0x30b0     0x4  startup_MK60D10.o [1]
  .text              ro code       0x30b4     0x4  startup_MK60D10.o [1]
  .text              ro code       0x30b8     0x4  startup_MK60D10.o [1]
  .text              ro code       0x30bc     0x4  startup_MK60D10.o [1]
  .text              ro code       0x30c0     0x4  startup_MK60D10.o [1]
  .text              ro code       0x30c4     0x4  startup_MK60D10.o [1]
  .text              ro code       0x30c8     0x4  startup_MK60D10.o [1]
  .text              ro code       0x30cc     0x4  startup_MK60D10.o [1]
  .text              ro code       0x30d0     0x4  startup_MK60D10.o [1]
  .text              ro code       0x30d4     0x4  startup_MK60D10.o [1]
  .text              ro code       0x30d8     0x4  startup_MK60D10.o [1]
  .text              ro code       0x30dc     0x4  startup_MK60D10.o [1]
  .text              ro code       0x30e0     0x4  startup_MK60D10.o [1]
  .text              ro code       0x30e4     0x4  startup_MK60D10.o [1]
  .text              ro code       0x30e8     0x4  startup_MK60D10.o [1]
  .text              ro code       0x30ec     0x4  startup_MK60D10.o [1]
  .text              ro code       0x30f0     0x4  startup_MK60D10.o [1]
  .text              ro code       0x30f4     0x4  startup_MK60D10.o [1]
  .text              ro code       0x30f8     0x4  startup_MK60D10.o [1]
  .text              ro code       0x30fc     0x4  startup_MK60D10.o [1]
  .text              ro code       0x3100     0x4  startup_MK60D10.o [1]
  .text              ro code       0x3104     0x4  startup_MK60D10.o [1]
  .text              ro code       0x3108     0x4  startup_MK60D10.o [1]
  .text              ro code       0x310c     0x4  startup_MK60D10.o [1]
  .text              ro code       0x3110     0x4  startup_MK60D10.o [1]
  .text              ro code       0x3114     0x4  startup_MK60D10.o [1]
  .text              ro code       0x3118     0x4  startup_MK60D10.o [1]
  .text              ro code       0x311c     0x4  startup_MK60D10.o [1]
  .text              ro code       0x3120     0x4  startup_MK60D10.o [1]
  .text              ro code       0x3124     0x4  startup_MK60D10.o [1]
  .text              ro code       0x3128     0x4  startup_MK60D10.o [1]
  .text              ro code       0x312c     0x4  startup_MK60D10.o [1]
  .text              ro code       0x3130     0x4  startup_MK60D10.o [1]
  .text              ro code       0x3134     0x4  startup_MK60D10.o [1]
  .text              ro code       0x3138     0x4  startup_MK60D10.o [1]
  .text              ro code       0x313c     0x4  startup_MK60D10.o [1]
  .text              ro code       0x3140     0x4  startup_MK60D10.o [1]
  .text              ro code       0x3144     0x4  startup_MK60D10.o [1]
  .text              ro code       0x3148     0x4  startup_MK60D10.o [1]
  .text              ro code       0x314c     0x4  startup_MK60D10.o [1]
  .text              ro code       0x3150     0x4  startup_MK60D10.o [1]
  .text              ro code       0x3154     0x4  startup_MK60D10.o [1]
  .text              ro code       0x3158     0x4  startup_MK60D10.o [1]
  .text              ro code       0x315c     0x4  startup_MK60D10.o [1]
  .text              ro code       0x3160     0x4  startup_MK60D10.o [1]
  .text              ro code       0x3164     0x4  startup_MK60D10.o [1]
  .text              ro code       0x3168     0x4  startup_MK60D10.o [1]
  .text              ro code       0x316c     0x4  startup_MK60D10.o [1]
  .text              ro code       0x3170     0x4  startup_MK60D10.o [1]
  .text              ro code       0x3174     0x4  startup_MK60D10.o [1]
  .text              ro code       0x3178     0x4  startup_MK60D10.o [1]
  .text              ro code       0x317c     0x4  startup_MK60D10.o [1]
  .text              ro code       0x3180     0x4  startup_MK60D10.o [1]
  .text              ro code       0x3184     0x4  startup_MK60D10.o [1]
  .text              ro code       0x3188     0x4  startup_MK60D10.o [1]
  .text              ro code       0x318c     0x4  startup_MK60D10.o [1]
  .text              ro code       0x3190     0x4  startup_MK60D10.o [1]
  .text              ro code       0x3194     0x4  startup_MK60D10.o [1]
  .text              ro code       0x3198     0x4  startup_MK60D10.o [1]
  .text              ro code       0x319c     0x4  startup_MK60D10.o [1]
  .text              ro code       0x31a0     0x4  startup_MK60D10.o [1]
  .text              ro code       0x31a4     0x4  startup_MK60D10.o [1]
  .text              ro code       0x31a8     0x4  startup_MK60D10.o [1]
  .text              ro code       0x31ac     0x4  startup_MK60D10.o [1]
  .text              ro code       0x31b0     0x4  startup_MK60D10.o [1]
  .text              ro code       0x31b4     0x4  startup_MK60D10.o [1]
  .text              ro code       0x31b8     0x4  startup_MK60D10.o [1]
  .text              ro code       0x31bc     0x4  startup_MK60D10.o [1]
  .text              ro code       0x31c0     0x4  startup_MK60D10.o [1]
  .text              ro code       0x31c4     0x4  startup_MK60D10.o [1]
  .text              ro code       0x31c8     0x4  startup_MK60D10.o [1]
  .text              ro code       0x31cc     0x4  startup_MK60D10.o [1]
  .text              ro code       0x31d0     0x4  startup_MK60D10.o [1]
  .text              ro code       0x31d4     0x4  startup_MK60D10.o [1]
  .text              ro code       0x31d8     0x4  startup_MK60D10.o [1]
  .text              ro code       0x31dc     0x4  startup_MK60D10.o [1]
  .text              ro code       0x31e0     0x4  startup_MK60D10.o [1]
  .text              ro code       0x31e4     0x4  startup_MK60D10.o [1]
  .text              ro code       0x31e8     0x4  startup_MK60D10.o [1]
  .text              ro code       0x31ec     0x4  startup_MK60D10.o [1]
  .text              ro code       0x31f0     0x4  startup_MK60D10.o [1]
  .text              ro code       0x31f4     0x4  startup_MK60D10.o [1]
  .text              ro code       0x31f8     0x4  startup_MK60D10.o [1]
  .text              ro code       0x31fc     0x4  startup_MK60D10.o [1]
  .rodata            const         0x3200     0x0  zero_init3.o [4]
  .rodata            const         0x3200     0x0  copy_init3.o [4]
  Initializer bytes  const         0x3200    0x48  <for P3 s0>
                                 - 0x3248  0x2e38

"P3", part 1 of 3:                           0x48
  P3 s0                       0x1fff'0000    0x48  <Init block>
    .data            inited   0x1fff'0000    0x18  MK60DN10_uart.o [1]
    .data            inited   0x1fff'0018     0xc  common.o [1]
    .data            inited   0x1fff'0024     0xc  Global.o [1]
    .data            inited   0x1fff'0030     0xc  Global.o [1]
    .data            inited   0x1fff'003c     0xc  Global.o [1]
                            - 0x1fff'0048    0x48

"P3", part 2 of 3:                         0x1598
  .bss               zero     0x1fff'0048  0x12c0  SEEKFREE_7725.o [1]
  .bss               zero     0x1fff'1308   0x258  SEEKFREE_7725.o [1]
  .bss               zero     0x1fff'1560    0x40  MK60DN10_dma.o [1]
  .bss               zero     0x1fff'15a0     0x8  MK60DN10_ftm.o [1]
  .bss               zero     0x1fff'15a8     0x8  PID.o [1]
  .bss               zero     0x1fff'15b0     0x8  PID.o [1]
  .bss               zero     0x1fff'15b8     0x8  PID.o [1]
  .bss               zero     0x1fff'15c0     0x8  PID.o [1]
  .bss               zero     0x1fff'15c8     0x4  Global.o [1]
  .bss               zero     0x1fff'15cc     0x4  Global.o [1]
  .bss               zero     0x1fff'15d0     0x4  Global.o [1]
  .bss               zero     0x1fff'15d4     0x4  PID.o [1]
  .bss               zero     0x1fff'15d8     0x4  PID.o [1]
  .bss               zero     0x1fff'15dc     0x1  SEEKFREE_7725.o [1]
  .bss               zero     0x1fff'15dd     0x1  SEEKFREE_7725.o [1]
                            - 0x1fff'15de  0x1596

"P3", part 3 of 3:                         0x2000
  CSTACK                      0x1fff'15e0  0x2000  <Block>
    CSTACK           uninit   0x1fff'15e0  0x2000  <Block tail>
                            - 0x1fff'35e0  0x2000

Unused ranges:

         From           To      Size
         ----           --      ----
       0x3248     0x7'ffff  0x7'cdb8
  0x1fff'35e0  0x1fff'ffff    0xca20
  0x2000'0000  0x2000'ffff  0x1'0000


*******************************************************************************
*** INIT TABLE
***

          Address      Size
          -------      ----
Zero (__iar_zero_init3)
    1 destination range, total size 0x1596:
          0x1fff'0048  0x1596

Copy (__iar_copy_init3)
    1 source range, total size 0x48:
               0x3200    0x48
    1 destination range, total size 0x48:
          0x1fff'0000    0x48



*******************************************************************************
*** MODULE SUMMARY
***

    Module              ro code  ro data  rw data
    ------              -------  -------  -------
command line/config:
    ---------------------------------------------
    Total:

D:\ProjectCar\2thProject\ProjectCar\Projecct\IAR\program\MK60_Debug\Obj: [1]
    Camera.o                880
    Encoder.o               274
    Global.o                          36       48
    MK60DN10_dma.o          712                64
    MK60DN10_ftm.o          508                 8
    MK60DN10_gpio.o         384
    MK60DN10_pit.o           60
    MK60DN10_port.o         236
    MK60DN10_systick.o       68
    MK60DN10_uart.o         428       24       24
    Motor.o                 456
    PID.o                   896                40
    SEEKFREE_7725.o         862             5 402
    SEEKFREE_FUN.o           40
    SEEKFREE_IIC.o          600
    SEEKFREE_OLED.o         972
    Track.o                 404
    common.o                 84       12       12
    main.o                  168
    startup_MK60D10.o     1 496
    system_MK60D10.o        194
    ---------------------------------------------
    Total:                9 722       72    5 598

dl7M_tlf.a: [2]
    exit.o                    4
    low_level_init.o          4
    ---------------------------------------------
    Total:                    8

m7M_tl.a: [3]
    DblAdd.o                378
    DblDiv.o                582
    DblMul.o                418
    DblSub.o                210
    DblToFlt.o              104
    FltAdd.o                226
    FltCmpEq.o               28
    FltCmpGe.o               36
    FltCmpLe.o               36
    FltDiv.o                252
    FltMul.o                216
    FltSub.o                128
    FltToDbl.o               72
    FltToS32.o               42
    S32ToDbl.o               34
    S32ToFlt.o               36
    ---------------------------------------------
    Total:                2 798

rt7M_tl.a: [4]
    cexit.o                  10
    cmain.o                  30
    copy_init3.o             44
    cstartup_M.o             12
    data_init.o              40
    zero_init3.o             58
    ---------------------------------------------
    Total:                  194

shb_l.a: [5]
    exit.o                   20
    ---------------------------------------------
    Total:                   20

    Gaps                     22
    Linker created                    36    8 192
-------------------------------------------------
    Grand Total:         12 764      108   13 790


*******************************************************************************
*** ENTRY LIST
***

Entry                       Address    Size  Type      Object
-----                       -------    ----  ----      ------
.iar.init_table$$Base        0x2fc0           --   Gb  - Linker created -
.iar.init_table$$Limit       0x2fe4           --   Gb  - Linker created -
?main                        0x2fe5          Code  Gb  cmain.o [4]
AnglePara               0x1fff'0030     0xc  Data  Gb  Global.o [1]
Angle_PD                      0xa8d    0x3e  Code  Gb  PID.o [1]
Angle_PD::AngleLastError
                        0x1fff'15d8     0x4  Data  Lc  PID.o [1]
CSTACK$$Base            0x1fff'15e0           --   Gb  - Linker created -
CSTACK$$Limit           0x1fff'35e0           --   Gb  - Linker created -
Camera_Get                   0x11ad   0x348  Code  Gb  Camera.o [1]
Camera_Init                  0x11a9     0x4  Code  Gb  Camera.o [1]
DMA2_IRQHandler              0x2ed9     0x4  Code  Gb  main.o [1]
DMA_count_Init               0x22dd   0x110  Code  Gb  MK60DN10_dma.o [1]
DMA_count_get                0x23ed    0x12  Code  Gb  MK60DN10_dma.o [1]
DMA_count_reset              0x23ff    0x10  Code  Gb  MK60DN10_dma.o [1]
Disable_Wdog                 0x2d71    0x16  Code  Gb  system_MK60D10.o [1]
Encoder_Init                 0x2c41    0x62  Code  Gb  Encoder.o [1]
ErrorPara               0x1fff'0024     0xc  Data  Gb  Global.o [1]
FTMX                         0x2700     0xc  Data  Lc  MK60DN10_ftm.o [1]
FTM_port_mux                 0x2511    0xf8  Code  Gb  MK60DN10_ftm.o [1]
GPIOX                         0x948    0x14  Data  Lc  MK60DN10_gpio.o [1]
GPIOX                         0xa34    0x14  Data  Gb  MK60DN10_port.o [1]
I2C_SendACK                  0x1f45    0x40  Code  Gb  SEEKFREE_IIC.o [1]
IIC_init                     0x2107    0x2a  Code  Gb  SEEKFREE_IIC.o [1]
IIC_start                    0x1ee7    0x2e  Code  Gb  SEEKFREE_IIC.o [1]
IIC_stop                     0x1f15    0x30  Code  Gb  SEEKFREE_IIC.o [1]
Image_Decompression          0x1835    0x40  Code  Gb  SEEKFREE_7725.o [1]
LB_Encoder_Get               0x2cfb    0x2c  Code  Gb  Encoder.o [1]
LB_Motor_Control             0x2829    0x50  Code  Gb  Motor.o [1]
LB_Speed_PID                  0xc2f    0xb2  Code  Gb  PID.o [1]
LB_Speed_PID::Integral  0x1fff'15bc     0x4  Data  Lc  PID.o [1]
LB_Speed_PID::LastError
                        0x1fff'15b8     0x4  Data  Lc  PID.o [1]
LF_Encoder_Get               0x2ca3    0x2c  Code  Gb  Encoder.o [1]
LF_Motor_Control             0x2789    0x50  Code  Gb  Motor.o [1]
LF_Speed_PID                  0xacb    0xb2  Code  Gb  PID.o [1]
LF_Speed_PID::Integral  0x1fff'15ac     0x4  Data  Lc  PID.o [1]
LF_Speed_PID::LastError
                        0x1fff'15a8     0x4  Data  Lc  PID.o [1]
Motor_Init                   0x270d    0x7c  Code  Gb  Motor.o [1]
NMI_Handler                  0x2e31     0x2  Code  Gb  system_MK60D10.o [1]
NVIC_DisableIRQ              0x152b    0x12  Code  Lc  SEEKFREE_7725.o [1]
NVIC_EnableIRQ               0x2e35    0x12  Code  Lc  main.o [1]
NVIC_EnableIRQ               0x2175    0x12  Code  Lc  MK60DN10_dma.o [1]
NVIC_EnableIRQ               0x1519    0x12  Code  Lc  SEEKFREE_7725.o [1]
NVIC_SetPriority             0x2e47    0x1a  Code  Lc  main.o [1]
OLED_DLY_ms                   0x4a9    0x1c  Code  Gb  SEEKFREE_OLED.o [1]
OLED_Fill                     0x4ef    0x3e  Code  Gb  SEEKFREE_OLED.o [1]
OLED_Init                     0x52d   0x120  Code  Gb  SEEKFREE_OLED.o [1]
OLED_Set_Pos                  0x4c5    0x2a  Code  Gb  SEEKFREE_OLED.o [1]
OLED_WrCmd                    0x45d    0x4c  Code  Gb  SEEKFREE_OLED.o [1]
OLED_WrDat                    0x411    0x4c  Code  Gb  SEEKFREE_OLED.o [1]
OV7725_IDCode           0x1fff'15dc     0x1  Data  Gb  SEEKFREE_7725.o [1]
PIT0_IRQHandler              0x2ea5    0x14  Code  Gb  main.o [1]
PORTC_IRQHandler             0x2ed5     0x4  Code  Gb  main.o [1]
PORTX                         0x934    0x14  Data  Lc  MK60DN10_gpio.o [1]
PORTX                         0xa20    0x14  Data  Gb  MK60DN10_port.o [1]
RB_Encoder_Get               0x2d27    0x2c  Code  Gb  Encoder.o [1]
RB_Motor_Control             0x2879    0x56  Code  Gb  Motor.o [1]
RB_Speed_PID                  0xce1    0xb2  Code  Gb  PID.o [1]
RB_Speed_PID::Integral  0x1fff'15c4     0x4  Data  Lc  PID.o [1]
RB_Speed_PID::LastError
                        0x1fff'15c0     0x4  Data  Lc  PID.o [1]
RF_Encoder_Get               0x2ccf    0x2c  Code  Gb  Encoder.o [1]
RF_Motor_Control             0x27d9    0x50  Code  Gb  Motor.o [1]
RF_Speed_PID                  0xb7d    0xb2  Code  Gb  PID.o [1]
RF_Speed_PID::Integral  0x1fff'15b4     0x4  Data  Lc  PID.o [1]
RF_Speed_PID::LastError
                        0x1fff'15b0     0x4  Data  Lc  PID.o [1]
Region$$Table$$Base          0x2fc0           --   Gb  - Linker created -
Region$$Table$$Limit         0x2fe4           --   Gb  - Linker created -
SCCB_WaitAck                 0x1f85    0x58  Code  Lc  SEEKFREE_IIC.o [1]
SYSTEM_CLK                   0x2d87    0x80  Code  Gb  system_MK60D10.o [1]
SpeedPara               0x1fff'003c     0xc  Data  Gb  Global.o [1]
Start                        0x2e19    0x18  Code  Gb  system_MK60D10.o [1]
Track                        0x2aad   0x194  Code  Gb  Track.o [1]
XSpeedReal              0x1fff'15cc     0x4  Data  Gb  Global.o [1]
X_Error_PD                    0xa49    0x44  Code  Gb  PID.o [1]
X_Error_PD::LastError   0x1fff'15d4     0x4  Data  Lc  PID.o [1]
YSpeed                  0x1fff'15c8     0x4  Data  Gb  Global.o [1]
YSpeedReal              0x1fff'15d0     0x4  Data  Gb  Global.o [1]
__Vectors                       0x0           --   Gb  startup_MK60D10.o [1]
__Vectors_End                 0x400          Data  Gb  startup_MK60D10.o [1]
__Vectors_Size {Abs}          0x400           --   Gb  startup_MK60D10.o [1]
__aeabi_cfcmpeq              0x2d55          Code  Gb  FltCmpEq.o [3]
__aeabi_cfcmple              0x1089          Code  Gb  FltCmpLe.o [3]
__aeabi_cfrcmple             0x1065          Code  Gb  FltCmpGe.o [3]
__aeabi_d2f                  0x1a41          Code  Gb  DblToFlt.o [3]
__aeabi_dadd                 0x1d39          Code  Gb  DblAdd.o [3]
__aeabi_ddiv                 0x1af1          Code  Gb  DblDiv.o [3]
__aeabi_dmul                 0x189d          Code  Gb  DblMul.o [3]
__aeabi_f2d                  0x1aa9          Code  Gb  FltToDbl.o [3]
__aeabi_f2iz                 0x28d5          Code  Gb  FltToS32.o [3]
__aeabi_fadd                  0xf21          Code  Gb  FltAdd.o [3]
__aeabi_fdiv                 0x10ad          Code  Gb  FltDiv.o [3]
__aeabi_fmul                  0xdc9          Code  Gb  FltMul.o [3]
__aeabi_fsub                  0xea1          Code  Gb  FltSub.o [3]
__aeabi_i2d                  0x1879          Code  Gb  S32ToDbl.o [3]
__aeabi_i2f                  0x1eb5          Code  Gb  S32ToFlt.o [3]
__cmain                      0x2fe5          Code  Gb  cmain.o [4]
__exit                       0x3019    0x14  Code  Gb  exit.o [5]
__iar_copy_init3             0x2f6d    0x2c  Code  Gb  copy_init3.o [4]
__iar_dadd                   0x243d          Code  Gb  DblSub.o [3]
__iar_data_init3             0x2f99    0x28  Code  Gb  data_init.o [4]
__iar_dsub                   0x1d49          Code  Gb  DblAdd.o [3]
__iar_dsubStart              0x1d5b          Code  Gb  DblAdd.o [3]
__iar_fadd                    0xead          Code  Gb  FltSub.o [3]
__iar_fsub                    0xf2d          Code  Gb  FltAdd.o [3]
__iar_fsubStart               0xf3d          Code  Gb  FltAdd.o [3]
__iar_program_start          0x303d          Code  Gb  cstartup_M.o [4]
__iar_zero_init3             0x102b    0x3a  Code  Gb  zero_init3.o [4]
__low_level_init             0x3003     0x4  Code  Gb  low_level_init.o [2]
__vector_table                  0x0          Data  Gb  startup_MK60D10.o [1]
_call_main                   0x2ff1          Code  Gb  cmain.o [4]
_exit                        0x300d          Code  Gb  cexit.o [4]
_main                        0x2fff          Code  Gb  cmain.o [4]
bus_clk_mhz             0x1fff'0020     0x4  Data  Gb  common.o [1]
core_clk_mhz            0x1fff'001c     0x4  Data  Gb  common.o [1]
count_init              0x1fff'1560    0x40  Data  Gb  MK60DN10_dma.o [1]
dis_bmp                       0x64d   0x190  Code  Gb  SEEKFREE_OLED.o [1]
dma_portx2buff_init          0x2187   0x156  Code  Gb  MK60DN10_dma.o [1]
exit                         0x3007     0x4  Code  Gb  exit.o [2]
ftm_pwm_duty                 0x26ad    0x42  Code  Gb  MK60DN10_ftm.o [1]
ftm_pwm_init                 0x2609    0xa2  Code  Gb  MK60DN10_ftm.o [1]
get_clk                      0x2edd    0x54  Code  Gb  common.o [1]
gpio_ddr                      0x88d    0x3c  Code  Gb  MK60DN10_gpio.o [1]
gpio_get                      0x8c9    0x2e  Code  Gb  MK60DN10_gpio.o [1]
gpio_init                     0x7dd    0xaa  Code  Gb  MK60DN10_gpio.o [1]
gpio_set                      0x8f9    0x3c  Code  Gb  MK60DN10_gpio.o [1]
image_bin               0x1fff'1308   0x258  Data  Gb  SEEKFREE_7725.o [1]
image_dec               0x1fff'0048  0x12c0  Data  Gb  SEEKFREE_7725.o [1]
limit                        0x1009    0x22  Code  Gb  SEEKFREE_FUN.o [1]
main                         0x2e61    0x44  Code  Gb  main.o [1]
mcgout_clk_mhz          0x1fff'0018     0x4  Data  Gb  common.o [1]
myabs                        0x1003     0x6  Code  Gb  SEEKFREE_FUN.o [1]
ov7725_dma                   0x17f3    0x12  Code  Gb  SEEKFREE_7725.o [1]
ov7725_finish_flag      0x1fff'15dd     0x1  Data  Gb  SEEKFREE_7725.o [1]
ov7725_init                  0x17bb    0x12  Code  Gb  SEEKFREE_7725.o [1]
ov7725_port_init             0x1767    0x54  Code  Gb  SEEKFREE_7725.o [1]
ov7725_reg_init              0x153d   0x22a  Code  Gb  SEEKFREE_7725.o [1]
ov7725_vsync                 0x17cd    0x26  Code  Gb  SEEKFREE_7725.o [1]
period                  0x1fff'15a0     0x8  Data  Gb  MK60DN10_ftm.o [1]
pit_init                     0x2f31    0x2e  Code  Gb  MK60DN10_pit.o [1]
port_init                     0x95d    0x6c  Code  Gb  MK60DN10_port.o [1]
port_init_NoAlt               0x9c9    0x54  Code  Gb  MK60DN10_port.o [1]
read_ch                      0x2025    0x78  Code  Gb  SEEKFREE_IIC.o [1]
send_ch                      0x1fdd    0x48  Code  Gb  SEEKFREE_IIC.o [1]
simiic_delay                 0x1ed9     0xe  Code  Gb  SEEKFREE_IIC.o [1]
simiic_read_reg              0x20c5    0x42  Code  Gb  SEEKFREE_IIC.o [1]
simiic_write_reg             0x209d    0x28  Code  Gb  SEEKFREE_IIC.o [1]
systick_delay                0x2131    0x1c  Code  Gb  MK60DN10_systick.o [1]
systick_delay_ms             0x214d    0x1e  Code  Gb  MK60DN10_systick.o [1]
uart                    0x1fff'0000    0x18  Data  Gb  MK60DN10_uart.o [1]
uart_init                    0x2901   0x198  Code  Gb  MK60DN10_uart.o [1]


[1] = D:\ProjectCar\2thProject\ProjectCar\Projecct\IAR\program\MK60_Debug\Obj
[2] = dl7M_tlf.a
[3] = m7M_tl.a
[4] = rt7M_tl.a
[5] = shb_l.a

  12 764 bytes of readonly  code memory
     108 bytes of readonly  data memory
  13 790 bytes of readwrite data memory

Errors: none
Warnings: none
