###############################################################################
#
# IAR ELF Linker V8.32.1.169/W32 for ARM                  30/Nov/2018  22:09:16
# Copyright 2007-2018 IAR Systems AB.
#
#    Output file  =  
#        D:\ProjectCar\2thProject\ProjectCar\Projecct\IAR\program\MK60_Debug\Exe\SeekFree_Kinetis.out
#    Map file     =  
#        D:\ProjectCar\2thProject\ProjectCar\Projecct\IAR\program\MK60_Debug\List\SeekFree_Kinetis.map
#    Command line =  
#        -f C:\Users\Xu\AppData\Local\Temp\EWA374.tmp
#        (D:\ProjectCar\2thProject\ProjectCar\Projecct\IAR\program\MK60_Debug\Obj\Camera.o
#        D:\ProjectCar\2thProject\ProjectCar\Projecct\IAR\program\MK60_Debug\Obj\common.o
#        D:\ProjectCar\2thProject\ProjectCar\Projecct\IAR\program\MK60_Debug\Obj\Coordinate.o
#        D:\ProjectCar\2thProject\ProjectCar\Projecct\IAR\program\MK60_Debug\Obj\diskio.o
#        D:\ProjectCar\2thProject\ProjectCar\Projecct\IAR\program\MK60_Debug\Obj\Encoder.o
#        D:\ProjectCar\2thProject\ProjectCar\Projecct\IAR\program\MK60_Debug\Obj\ff.o
#        D:\ProjectCar\2thProject\ProjectCar\Projecct\IAR\program\MK60_Debug\Obj\GraySensor.o
#        D:\ProjectCar\2thProject\ProjectCar\Projecct\IAR\program\MK60_Debug\Obj\main.o
#        D:\ProjectCar\2thProject\ProjectCar\Projecct\IAR\program\MK60_Debug\Obj\misc.o
#        D:\ProjectCar\2thProject\ProjectCar\Projecct\IAR\program\MK60_Debug\Obj\MK60DN10_adc.o
#        D:\ProjectCar\2thProject\ProjectCar\Projecct\IAR\program\MK60_Debug\Obj\MK60DN10_cmt.o
#        D:\ProjectCar\2thProject\ProjectCar\Projecct\IAR\program\MK60_Debug\Obj\MK60DN10_dac.o
#        D:\ProjectCar\2thProject\ProjectCar\Projecct\IAR\program\MK60_Debug\Obj\MK60DN10_dma.o
#        D:\ProjectCar\2thProject\ProjectCar\Projecct\IAR\program\MK60_Debug\Obj\MK60DN10_flash.o
#        D:\ProjectCar\2thProject\ProjectCar\Projecct\IAR\program\MK60_Debug\Obj\MK60DN10_ftm.o
#        D:\ProjectCar\2thProject\ProjectCar\Projecct\IAR\program\MK60_Debug\Obj\MK60DN10_gpio.o
#        D:\ProjectCar\2thProject\ProjectCar\Projecct\IAR\program\MK60_Debug\Obj\MK60DN10_i2c.o
#        D:\ProjectCar\2thProject\ProjectCar\Projecct\IAR\program\MK60_Debug\Obj\MK60DN10_lptmr.o
#        D:\ProjectCar\2thProject\ProjectCar\Projecct\IAR\program\MK60_Debug\Obj\MK60DN10_pit.o
#        D:\ProjectCar\2thProject\ProjectCar\Projecct\IAR\program\MK60_Debug\Obj\MK60DN10_port.o
#        D:\ProjectCar\2thProject\ProjectCar\Projecct\IAR\program\MK60_Debug\Obj\MK60DN10_rtc.o
#        D:\ProjectCar\2thProject\ProjectCar\Projecct\IAR\program\MK60_Debug\Obj\MK60DN10_sdhc.o
#        D:\ProjectCar\2thProject\ProjectCar\Projecct\IAR\program\MK60_Debug\Obj\MK60DN10_spi.o
#        D:\ProjectCar\2thProject\ProjectCar\Projecct\IAR\program\MK60_Debug\Obj\MK60DN10_systick.o
#        D:\ProjectCar\2thProject\ProjectCar\Projecct\IAR\program\MK60_Debug\Obj\MK60DN10_uart.o
#        D:\ProjectCar\2thProject\ProjectCar\Projecct\IAR\program\MK60_Debug\Obj\MK60DN10_wdog.o
#        D:\ProjectCar\2thProject\ProjectCar\Projecct\IAR\program\MK60_Debug\Obj\Motor.o
#        D:\ProjectCar\2thProject\ProjectCar\Projecct\IAR\program\MK60_Debug\Obj\Parameter.o
#        D:\ProjectCar\2thProject\ProjectCar\Projecct\IAR\program\MK60_Debug\Obj\PID.o
#        D:\ProjectCar\2thProject\ProjectCar\Projecct\IAR\program\MK60_Debug\Obj\SEEKFREE_18TFT.o
#        D:\ProjectCar\2thProject\ProjectCar\Projecct\IAR\program\MK60_Debug\Obj\SEEKFREE_7725.o
#        D:\ProjectCar\2thProject\ProjectCar\Projecct\IAR\program\MK60_Debug\Obj\SEEKFREE_FUN.o
#        D:\ProjectCar\2thProject\ProjectCar\Projecct\IAR\program\MK60_Debug\Obj\SEEKFREE_IIC.o
#        D:\ProjectCar\2thProject\ProjectCar\Projecct\IAR\program\MK60_Debug\Obj\SEEKFREE_L3G4200D.o
#        D:\ProjectCar\2thProject\ProjectCar\Projecct\IAR\program\MK60_Debug\Obj\SEEKFREE_MMA8451.o
#        D:\ProjectCar\2thProject\ProjectCar\Projecct\IAR\program\MK60_Debug\Obj\SEEKFREE_MPU6050.o
#        D:\ProjectCar\2thProject\ProjectCar\Projecct\IAR\program\MK60_Debug\Obj\SEEKFREE_MT9V032.o
#        D:\ProjectCar\2thProject\ProjectCar\Projecct\IAR\program\MK60_Debug\Obj\SEEKFREE_NRF24L01.o
#        D:\ProjectCar\2thProject\ProjectCar\Projecct\IAR\program\MK60_Debug\Obj\SEEKFREE_OLED.o
#        D:\ProjectCar\2thProject\ProjectCar\Projecct\IAR\program\MK60_Debug\Obj\SEEKFREE_TSL1401.o
#        D:\ProjectCar\2thProject\ProjectCar\Projecct\IAR\program\MK60_Debug\Obj\startup_MK60D10.o
#        D:\ProjectCar\2thProject\ProjectCar\Projecct\IAR\program\MK60_Debug\Obj\Steering.o
#        D:\ProjectCar\2thProject\ProjectCar\Projecct\IAR\program\MK60_Debug\Obj\system_MK60D10.o
#        D:\ProjectCar\2thProject\ProjectCar\Projecct\IAR\program\MK60_Debug\Obj\Track.o
#        --no_out_extension -o
#        D:\ProjectCar\2thProject\ProjectCar\Projecct\IAR\program\MK60_Debug\Exe\SeekFree_Kinetis.out
#        --map
#        D:\ProjectCar\2thProject\ProjectCar\Projecct\IAR\program\MK60_Debug\List\SeekFree_Kinetis.map
#        --config D:\IAR\arm\config\linker\NXP\MK60xN512_10.icf --semihosting
#        --entry __iar_program_start --vfe --utf8_text_in --text_out utf8
#        --no_bom)
#
###############################################################################

*******************************************************************************
*** RUNTIME MODEL ATTRIBUTES
***

CppFlavor       = *
__Heap_Handler  = NoFree
__SystemLibrary = DLib
__dlib_version  = 6


*******************************************************************************
*** HEAP SELECTION
***

The no free heap was selected because no calls to memory
deallocation functions were found in the application.


*******************************************************************************
*** PLACEMENT SUMMARY
***

"A0":  place at 0x0 { ro section .intvec };
"P2":  place in [from 0x0 to 0x3ff] |
                [from 0x410 to 0x7'ffff] { ro };
define block CSTACK with size = 8K, alignment = 8 { };
define block HEAP with size = 16K, alignment = 8 { };
"P3":  place in [from 0x1fff'0000 to 0x1fff'ffff repeat 2] {
          rw, block CSTACK, block HEAP };
initialize by copy { rw };

No sections matched the following patterns:

  section FlashConfig  in "P1"


  Section            Kind         Address    Size  Object
  -------            ----         -------    ----  ------
"A0":                                       0x410
  .intvec            ro code          0x0   0x410  startup_MK60D10.o [1]
                                  - 0x410   0x410

"P2":                                      0x2098
  .text              ro code        0x410   0x474  Camera.o [1]
  .text              ro code        0x884   0x342  SEEKFREE_7725.o [1]
  .text              ro code        0xbc6    0x3a  zero_init3.o [4]
  .text              ro code        0xc00    0x24  S32ToFlt.o [3]
  .text              ro code        0xc24    0xe2  FltAdd.o [3]
  .text              ro code        0xd08    0xfc  FltDiv.o [3]
  .text              ro code        0xe04    0x48  FltToDbl.o [3]
  .text              ro code        0xe4c    0x22  S32ToDbl.o [3]
  .text              ro code        0xe70   0x246  DblDiv.o [3]
  .text              ro code       0x10b8   0x17a  DblAdd.o [3]
  .text              ro code       0x1234    0x68  DblToFlt.o [3]
  .text              ro code       0x129c    0xd8  FltMul.o [3]
  .text              ro code       0x1374   0x3cc  SEEKFREE_OLED.o [1]
  .text              ro code       0x1740   0x258  SEEKFREE_IIC.o [1]
  .text              ro code       0x1998    0x44  MK60DN10_systick.o [1]
  .text              ro code       0x19dc   0x16c  MK60DN10_dma.o [1]
  .text              ro code       0x1b48    0xec  MK60DN10_port.o [1]
  .text              ro code       0x1c34    0x74  FltSub.o [3]
  .text              ro code       0x1ca8    0xd2  DblSub.o [3]
  .text              ro code       0x1d7c   0x180  MK60DN10_gpio.o [1]
  .text              ro code       0x1efc   0x1ac  MK60DN10_uart.o [1]
  .text              ro code       0x20a8    0xc2  system_MK60D10.o [1]
  .text              ro code       0x216c    0x54  common.o [1]
  .text              ro code       0x21c0    0x30  main.o [1]
  .text              ro code       0x21f0    0x2c  copy_init3.o [4]
  .text              ro code       0x221c    0x28  data_init.o [4]
  .iar.init_table    const         0x2244    0x24  - Linker created -
  .text              ro code       0x2268    0x1e  cmain.o [4]
  .text              ro code       0x2286     0x4  low_level_init.o [2]
  .text              ro code       0x228a     0x4  exit.o [2]
  .text              ro code       0x2290     0xa  cexit.o [4]
  .text              ro code       0x229c    0x14  exit.o [5]
  .text              ro code       0x22b0    0x10  startup_MK60D10.o [1]
  .text              ro code       0x22c0     0xc  cstartup_M.o [4]
  .text              ro code       0x22cc     0x4  startup_MK60D10.o [1]
  .text              ro code       0x22d0     0x4  startup_MK60D10.o [1]
  .text              ro code       0x22d4     0x4  startup_MK60D10.o [1]
  .text              ro code       0x22d8     0x4  startup_MK60D10.o [1]
  .text              ro code       0x22dc     0x4  startup_MK60D10.o [1]
  .text              ro code       0x22e0     0x4  startup_MK60D10.o [1]
  .text              ro code       0x22e4     0x4  startup_MK60D10.o [1]
  .text              ro code       0x22e8     0x4  startup_MK60D10.o [1]
  .text              ro code       0x22ec     0x4  startup_MK60D10.o [1]
  .text              ro code       0x22f0     0x4  startup_MK60D10.o [1]
  .text              ro code       0x22f4     0x4  startup_MK60D10.o [1]
  .text              ro code       0x22f8     0x4  startup_MK60D10.o [1]
  .text              ro code       0x22fc     0x4  startup_MK60D10.o [1]
  .text              ro code       0x2300     0x4  startup_MK60D10.o [1]
  .text              ro code       0x2304     0x4  startup_MK60D10.o [1]
  .text              ro code       0x2308     0x4  startup_MK60D10.o [1]
  .text              ro code       0x230c     0x4  startup_MK60D10.o [1]
  .text              ro code       0x2310     0x4  startup_MK60D10.o [1]
  .text              ro code       0x2314     0x4  startup_MK60D10.o [1]
  .text              ro code       0x2318     0x4  startup_MK60D10.o [1]
  .text              ro code       0x231c     0x4  startup_MK60D10.o [1]
  .text              ro code       0x2320     0x4  startup_MK60D10.o [1]
  .text              ro code       0x2324     0x4  startup_MK60D10.o [1]
  .text              ro code       0x2328     0x4  startup_MK60D10.o [1]
  .text              ro code       0x232c     0x4  startup_MK60D10.o [1]
  .text              ro code       0x2330     0x4  startup_MK60D10.o [1]
  .text              ro code       0x2334     0x4  startup_MK60D10.o [1]
  .text              ro code       0x2338     0x4  startup_MK60D10.o [1]
  .text              ro code       0x233c     0x4  startup_MK60D10.o [1]
  .text              ro code       0x2340     0x4  startup_MK60D10.o [1]
  .text              ro code       0x2344     0x4  startup_MK60D10.o [1]
  .text              ro code       0x2348     0x4  startup_MK60D10.o [1]
  .text              ro code       0x234c     0x4  startup_MK60D10.o [1]
  .text              ro code       0x2350     0x4  startup_MK60D10.o [1]
  .text              ro code       0x2354     0x4  startup_MK60D10.o [1]
  .text              ro code       0x2358     0x4  startup_MK60D10.o [1]
  .text              ro code       0x235c     0x4  startup_MK60D10.o [1]
  .text              ro code       0x2360     0x4  startup_MK60D10.o [1]
  .text              ro code       0x2364     0x4  startup_MK60D10.o [1]
  .text              ro code       0x2368     0x4  startup_MK60D10.o [1]
  .text              ro code       0x236c     0x4  startup_MK60D10.o [1]
  .text              ro code       0x2370     0x4  startup_MK60D10.o [1]
  .text              ro code       0x2374     0x4  startup_MK60D10.o [1]
  .text              ro code       0x2378     0x4  startup_MK60D10.o [1]
  .text              ro code       0x237c     0x4  startup_MK60D10.o [1]
  .text              ro code       0x2380     0x4  startup_MK60D10.o [1]
  .text              ro code       0x2384     0x4  startup_MK60D10.o [1]
  .text              ro code       0x2388     0x4  startup_MK60D10.o [1]
  .text              ro code       0x238c     0x4  startup_MK60D10.o [1]
  .text              ro code       0x2390     0x4  startup_MK60D10.o [1]
  .text              ro code       0x2394     0x4  startup_MK60D10.o [1]
  .text              ro code       0x2398     0x4  startup_MK60D10.o [1]
  .text              ro code       0x239c     0x4  startup_MK60D10.o [1]
  .text              ro code       0x23a0     0x4  startup_MK60D10.o [1]
  .text              ro code       0x23a4     0x4  startup_MK60D10.o [1]
  .text              ro code       0x23a8     0x4  startup_MK60D10.o [1]
  .text              ro code       0x23ac     0x4  startup_MK60D10.o [1]
  .text              ro code       0x23b0     0x4  startup_MK60D10.o [1]
  .text              ro code       0x23b4     0x4  startup_MK60D10.o [1]
  .text              ro code       0x23b8     0x4  startup_MK60D10.o [1]
  .text              ro code       0x23bc     0x4  startup_MK60D10.o [1]
  .text              ro code       0x23c0     0x4  startup_MK60D10.o [1]
  .text              ro code       0x23c4     0x4  startup_MK60D10.o [1]
  .text              ro code       0x23c8     0x4  startup_MK60D10.o [1]
  .text              ro code       0x23cc     0x4  startup_MK60D10.o [1]
  .text              ro code       0x23d0     0x4  startup_MK60D10.o [1]
  .text              ro code       0x23d4     0x4  startup_MK60D10.o [1]
  .text              ro code       0x23d8     0x4  startup_MK60D10.o [1]
  .text              ro code       0x23dc     0x4  startup_MK60D10.o [1]
  .text              ro code       0x23e0     0x4  startup_MK60D10.o [1]
  .text              ro code       0x23e4     0x4  startup_MK60D10.o [1]
  .text              ro code       0x23e8     0x4  startup_MK60D10.o [1]
  .text              ro code       0x23ec     0x4  startup_MK60D10.o [1]
  .text              ro code       0x23f0     0x4  startup_MK60D10.o [1]
  .text              ro code       0x23f4     0x4  startup_MK60D10.o [1]
  .text              ro code       0x23f8     0x4  startup_MK60D10.o [1]
  .text              ro code       0x23fc     0x4  startup_MK60D10.o [1]
  .text              ro code       0x2400     0x4  startup_MK60D10.o [1]
  .text              ro code       0x2404     0x4  startup_MK60D10.o [1]
  .text              ro code       0x2408     0x4  startup_MK60D10.o [1]
  .text              ro code       0x240c     0x4  startup_MK60D10.o [1]
  .text              ro code       0x2410     0x4  startup_MK60D10.o [1]
  .text              ro code       0x2414     0x4  startup_MK60D10.o [1]
  .text              ro code       0x2418     0x4  startup_MK60D10.o [1]
  .text              ro code       0x241c     0x4  startup_MK60D10.o [1]
  .text              ro code       0x2420     0x4  startup_MK60D10.o [1]
  .text              ro code       0x2424     0x4  startup_MK60D10.o [1]
  .text              ro code       0x2428     0x4  startup_MK60D10.o [1]
  .text              ro code       0x242c     0x4  startup_MK60D10.o [1]
  .text              ro code       0x2430     0x4  startup_MK60D10.o [1]
  .text              ro code       0x2434     0x4  startup_MK60D10.o [1]
  .text              ro code       0x2438     0x4  startup_MK60D10.o [1]
  .text              ro code       0x243c     0x4  startup_MK60D10.o [1]
  .text              ro code       0x2440     0x4  startup_MK60D10.o [1]
  .text              ro code       0x2444     0x4  startup_MK60D10.o [1]
  .text              ro code       0x2448     0x4  startup_MK60D10.o [1]
  .text              ro code       0x244c     0x4  startup_MK60D10.o [1]
  .text              ro code       0x2450     0x4  startup_MK60D10.o [1]
  .text              ro code       0x2454     0x4  startup_MK60D10.o [1]
  .text              ro code       0x2458     0x4  startup_MK60D10.o [1]
  .text              ro code       0x245c     0x4  startup_MK60D10.o [1]
  .text              ro code       0x2460     0x4  startup_MK60D10.o [1]
  .text              ro code       0x2464     0x4  startup_MK60D10.o [1]
  .text              ro code       0x2468     0x4  startup_MK60D10.o [1]
  .text              ro code       0x246c     0x4  startup_MK60D10.o [1]
  .text              ro code       0x2470     0x4  startup_MK60D10.o [1]
  .text              ro code       0x2474     0x4  startup_MK60D10.o [1]
  .text              ro code       0x2478     0x4  startup_MK60D10.o [1]
  .text              ro code       0x247c     0x4  startup_MK60D10.o [1]
  .text              ro code       0x2480     0x4  startup_MK60D10.o [1]
  .rodata            const         0x2484     0x0  zero_init3.o [4]
  .rodata            const         0x2484     0x0  copy_init3.o [4]
  Initializer bytes  const         0x2484    0x24  <for P3 s0>
                                 - 0x24a8  0x2098

"P3", part 1 of 3:                           0x24
  P3 s0                       0x1fff'0000    0x24  <Init block>
    .data            inited   0x1fff'0000    0x18  MK60DN10_uart.o [1]
    .data            inited   0x1fff'0018     0xc  common.o [1]
                            - 0x1fff'0024    0x24

"P3", part 2 of 3:                         0x152c
  .bss               zero     0x1fff'0024  0x12c0  SEEKFREE_7725.o [1]
  .bss               zero     0x1fff'12e4   0x258  SEEKFREE_7725.o [1]
  .bss               zero     0x1fff'153c    0x10  Camera.o [1]
  .bss               zero     0x1fff'154c     0x1  SEEKFREE_7725.o [1]
                            - 0x1fff'154d  0x1529

"P3", part 3 of 3:                         0x2000
  CSTACK                      0x1fff'1550  0x2000  <Block>
    CSTACK           uninit   0x1fff'1550  0x2000  <Block tail>
                            - 0x1fff'3550  0x2000

Unused ranges:

         From           To      Size
         ----           --      ----
       0x24a8     0x7'ffff  0x7'db58
  0x1fff'3550  0x1fff'ffff    0xcab0
  0x2000'0000  0x2000'ffff  0x1'0000


*******************************************************************************
*** INIT TABLE
***

          Address      Size
          -------      ----
Zero (__iar_zero_init3)
    1 destination range, total size 0x1529:
          0x1fff'0024  0x1529

Copy (__iar_copy_init3)
    1 source range, total size 0x24:
               0x2484    0x24
    1 destination range, total size 0x24:
          0x1fff'0000    0x24



*******************************************************************************
*** MODULE SUMMARY
***

    Module              ro code  ro data  rw data
    ------              -------  -------  -------
command line/config:
    ---------------------------------------------
    Total:

D:\ProjectCar\2thProject\ProjectCar\Projecct\IAR\program\MK60_Debug\Obj: [1]
    Camera.o              1 140                16
    MK60DN10_dma.o          364
    MK60DN10_gpio.o         384
    MK60DN10_port.o         236
    MK60DN10_systick.o       68
    MK60DN10_uart.o         428       24       24
    SEEKFREE_7725.o         834             5 401
    SEEKFREE_IIC.o          600
    SEEKFREE_OLED.o         972
    common.o                 84       12       12
    main.o                   48
    startup_MK60D10.o     1 496
    system_MK60D10.o        194
    ---------------------------------------------
    Total:                6 848       36    5 453

dl7M_tlf.a: [2]
    exit.o                    4
    low_level_init.o          4
    ---------------------------------------------
    Total:                    8

m7M_tl.a: [3]
    DblAdd.o                378
    DblDiv.o                582
    DblSub.o                210
    DblToFlt.o              104
    FltAdd.o                226
    FltDiv.o                252
    FltMul.o                216
    FltSub.o                116
    FltToDbl.o               72
    S32ToDbl.o               34
    S32ToFlt.o               36
    ---------------------------------------------
    Total:                2 226

rt7M_tl.a: [4]
    cexit.o                  10
    cmain.o                  30
    copy_init3.o             44
    cstartup_M.o             12
    data_init.o              40
    zero_init3.o             58
    ---------------------------------------------
    Total:                  194

shb_l.a: [5]
    exit.o                   20
    ---------------------------------------------
    Total:                   20

    Gaps                     16
    Linker created                    36    8 192
-------------------------------------------------
    Grand Total:          9 312       72   13 645


*******************************************************************************
*** ENTRY LIST
***

Entry                       Address    Size  Type      Object
-----                       -------    ----  ----      ------
.iar.init_table$$Base        0x2244           --   Gb  - Linker created -
.iar.init_table$$Limit       0x2268           --   Gb  - Linker created -
?main                        0x2269          Code  Gb  cmain.o [4]
Angle_Offset_X          0x1fff'1544     0x4  Data  Gb  Camera.o [1]
Angle_Offset_Y          0x1fff'1548     0x4  Data  Gb  Camera.o [1]
Angle_get                     0x5e7   0x242  Code  Gb  Camera.o [1]
CSTACK$$Base            0x1fff'1550           --   Gb  - Linker created -
CSTACK$$Limit           0x1fff'3550           --   Gb  - Linker created -
Camera_Init                   0x411     0x4  Code  Gb  Camera.o [1]
Camera_Test                   0x829    0x48  Code  Gb  Camera.o [1]
DMA0_IRQHandler              0x21dd     0xc  Code  Gb  main.o [1]
Disable_Wdog                 0x20a9    0x16  Code  Gb  system_MK60D10.o [1]
GPIOX                        0x1ee8    0x14  Data  Lc  MK60DN10_gpio.o [1]
GPIOX                        0x1c20    0x14  Data  Gb  MK60DN10_port.o [1]
I2C_SendACK                  0x17ad    0x40  Code  Gb  SEEKFREE_IIC.o [1]
IIC_init                     0x196f    0x2a  Code  Gb  SEEKFREE_IIC.o [1]
IIC_start                    0x174f    0x2e  Code  Gb  SEEKFREE_IIC.o [1]
IIC_stop                     0x177d    0x30  Code  Gb  SEEKFREE_IIC.o [1]
Image_Decompression           0xb85    0x40  Code  Gb  SEEKFREE_7725.o [1]
NMI_Handler                  0x2169     0x2  Code  Gb  system_MK60D10.o [1]
NVIC_DisableIRQ               0x897    0x12  Code  Lc  SEEKFREE_7725.o [1]
NVIC_EnableIRQ                0x885    0x12  Code  Lc  SEEKFREE_7725.o [1]
OLED_DLY_ms                  0x140d    0x1c  Code  Gb  SEEKFREE_OLED.o [1]
OLED_Fill                    0x1453    0x3e  Code  Gb  SEEKFREE_OLED.o [1]
OLED_Init                    0x1491   0x120  Code  Gb  SEEKFREE_OLED.o [1]
OLED_Set_Pos                 0x1429    0x2a  Code  Gb  SEEKFREE_OLED.o [1]
OLED_WrCmd                   0x13c1    0x4c  Code  Gb  SEEKFREE_OLED.o [1]
OLED_WrDat                   0x1375    0x4c  Code  Gb  SEEKFREE_OLED.o [1]
OV7725_IDCode           0x1fff'154c     0x1  Data  Gb  SEEKFREE_7725.o [1]
Offset_Get                    0x415   0x1d2  Code  Gb  Camera.o [1]
PIT0_IRQHandler              0x21cd     0xc  Code  Gb  main.o [1]
PORTC_IRQHandler             0x21d9     0x4  Code  Gb  main.o [1]
PORTX                        0x1ed4    0x14  Data  Lc  MK60DN10_gpio.o [1]
PORTX                        0x1c0c    0x14  Data  Gb  MK60DN10_port.o [1]
Region$$Table$$Base          0x2244           --   Gb  - Linker created -
Region$$Table$$Limit         0x2268           --   Gb  - Linker created -
SCCB_WaitAck                 0x17ed    0x58  Code  Lc  SEEKFREE_IIC.o [1]
SYSTEM_CLK                   0x20bf    0x80  Code  Gb  system_MK60D10.o [1]
Start                        0x2151    0x18  Code  Gb  system_MK60D10.o [1]
X_Offset                0x1fff'153c     0x4  Data  Gb  Camera.o [1]
Y_Offset                0x1fff'1540     0x4  Data  Gb  Camera.o [1]
__Vectors                       0x0           --   Gb  startup_MK60D10.o [1]
__Vectors_End                 0x400          Data  Gb  startup_MK60D10.o [1]
__Vectors_Size {Abs}          0x400           --   Gb  startup_MK60D10.o [1]
__aeabi_d2f                  0x1235          Code  Gb  DblToFlt.o [3]
__aeabi_dadd                 0x10b9          Code  Gb  DblAdd.o [3]
__aeabi_ddiv                  0xe71          Code  Gb  DblDiv.o [3]
__aeabi_f2d                   0xe05          Code  Gb  FltToDbl.o [3]
__aeabi_fadd                  0xc25          Code  Gb  FltAdd.o [3]
__aeabi_fdiv                  0xd09          Code  Gb  FltDiv.o [3]
__aeabi_fmul                 0x129d          Code  Gb  FltMul.o [3]
__aeabi_i2d                   0xe4d          Code  Gb  S32ToDbl.o [3]
__aeabi_i2f                   0xc01          Code  Gb  S32ToFlt.o [3]
__cmain                      0x2269          Code  Gb  cmain.o [4]
__exit                       0x229d    0x14  Code  Gb  exit.o [5]
__iar_copy_init3             0x21f1    0x2c  Code  Gb  copy_init3.o [4]
__iar_dadd                   0x1ca9          Code  Gb  DblSub.o [3]
__iar_data_init3             0x221d    0x28  Code  Gb  data_init.o [4]
__iar_dsub                   0x10c9          Code  Gb  DblAdd.o [3]
__iar_dsubStart              0x10db          Code  Gb  DblAdd.o [3]
__iar_fadd                   0x1c35          Code  Gb  FltSub.o [3]
__iar_fsub                    0xc31          Code  Gb  FltAdd.o [3]
__iar_fsubStart               0xc41          Code  Gb  FltAdd.o [3]
__iar_program_start          0x22c1          Code  Gb  cstartup_M.o [4]
__iar_zero_init3              0xbc7    0x3a  Code  Gb  zero_init3.o [4]
__low_level_init             0x2287     0x4  Code  Gb  low_level_init.o [2]
__vector_table                  0x0          Data  Gb  startup_MK60D10.o [1]
_call_main                   0x2275          Code  Gb  cmain.o [4]
_exit                        0x2291          Code  Gb  cexit.o [4]
_main                        0x2283          Code  Gb  cmain.o [4]
bus_clk_mhz             0x1fff'0020     0x4  Data  Gb  common.o [1]
core_clk_mhz            0x1fff'001c     0x4  Data  Gb  common.o [1]
dis_bmp                      0x15b1   0x190  Code  Gb  SEEKFREE_OLED.o [1]
dma_portx2buff_init          0x19dd   0x156  Code  Gb  MK60DN10_dma.o [1]
exit                         0x228b     0x4  Code  Gb  exit.o [2]
get_clk                      0x216d    0x54  Code  Gb  common.o [1]
gpio_ddr                     0x1e2d    0x3c  Code  Gb  MK60DN10_gpio.o [1]
gpio_get                     0x1e69    0x2e  Code  Gb  MK60DN10_gpio.o [1]
gpio_init                    0x1d7d    0xaa  Code  Gb  MK60DN10_gpio.o [1]
gpio_set                     0x1e99    0x3c  Code  Gb  MK60DN10_gpio.o [1]
image_bin               0x1fff'12e4   0x258  Data  Gb  SEEKFREE_7725.o [1]
image_dec               0x1fff'0024  0x12c0  Data  Gb  SEEKFREE_7725.o [1]
main                         0x21c1     0xc  Code  Gb  main.o [1]
mcgout_clk_mhz          0x1fff'0018     0x4  Data  Gb  common.o [1]
ov7725_init                   0xb25    0x12  Code  Gb  SEEKFREE_7725.o [1]
ov7725_port_init              0xad3    0x52  Code  Gb  SEEKFREE_7725.o [1]
ov7725_reg_init               0x8a9   0x22a  Code  Gb  SEEKFREE_7725.o [1]
ov7725_vsync                  0xb37    0x26  Code  Gb  SEEKFREE_7725.o [1]
port_init                    0x1b49    0x6c  Code  Gb  MK60DN10_port.o [1]
port_init_NoAlt              0x1bb5    0x54  Code  Gb  MK60DN10_port.o [1]
read_ch                      0x188d    0x78  Code  Gb  SEEKFREE_IIC.o [1]
send_ch                      0x1845    0x48  Code  Gb  SEEKFREE_IIC.o [1]
simiic_delay                 0x1741     0xe  Code  Gb  SEEKFREE_IIC.o [1]
simiic_read_reg              0x192d    0x42  Code  Gb  SEEKFREE_IIC.o [1]
simiic_write_reg             0x1905    0x28  Code  Gb  SEEKFREE_IIC.o [1]
systick_delay                0x1999    0x1c  Code  Gb  MK60DN10_systick.o [1]
systick_delay_ms             0x19b5    0x1e  Code  Gb  MK60DN10_systick.o [1]
uart                    0x1fff'0000    0x18  Data  Gb  MK60DN10_uart.o [1]
uart_init                    0x1efd   0x198  Code  Gb  MK60DN10_uart.o [1]


[1] = D:\ProjectCar\2thProject\ProjectCar\Projecct\IAR\program\MK60_Debug\Obj
[2] = dl7M_tlf.a
[3] = m7M_tl.a
[4] = rt7M_tl.a
[5] = shb_l.a

   9 312 bytes of readonly  code memory
      72 bytes of readonly  data memory
  13 645 bytes of readwrite data memory

Errors: none
Warnings: none
