###############################################################################
#
# IAR ELF Linker V8.32.1.169/W32 for ARM                  12/Dec/2018  22:07:51
# Copyright 2007-2018 IAR Systems AB.
#
#    Output file  =  
#        D:\ProjectCar\2thProject\ProjectCar\Projecct\IAR\program\MK60_Debug\Exe\SeekFree_Kinetis.out
#    Map file     =  
#        D:\ProjectCar\2thProject\ProjectCar\Projecct\IAR\program\MK60_Debug\List\SeekFree_Kinetis.map
#    Command line =  
#        -f C:\Users\Xu\AppData\Local\Temp\EW60A3.tmp
#        (D:\ProjectCar\2thProject\ProjectCar\Projecct\IAR\program\MK60_Debug\Obj\Camera.o
#        D:\ProjectCar\2thProject\ProjectCar\Projecct\IAR\program\MK60_Debug\Obj\common.o
#        D:\ProjectCar\2thProject\ProjectCar\Projecct\IAR\program\MK60_Debug\Obj\Coordinate.o
#        D:\ProjectCar\2thProject\ProjectCar\Projecct\IAR\program\MK60_Debug\Obj\diskio.o
#        D:\ProjectCar\2thProject\ProjectCar\Projecct\IAR\program\MK60_Debug\Obj\Encoder.o
#        D:\ProjectCar\2thProject\ProjectCar\Projecct\IAR\program\MK60_Debug\Obj\ff.o
#        D:\ProjectCar\2thProject\ProjectCar\Projecct\IAR\program\MK60_Debug\Obj\Global.o
#        D:\ProjectCar\2thProject\ProjectCar\Projecct\IAR\program\MK60_Debug\Obj\GraySensor.o
#        D:\ProjectCar\2thProject\ProjectCar\Projecct\IAR\program\MK60_Debug\Obj\main.o
#        D:\ProjectCar\2thProject\ProjectCar\Projecct\IAR\program\MK60_Debug\Obj\misc.o
#        D:\ProjectCar\2thProject\ProjectCar\Projecct\IAR\program\MK60_Debug\Obj\MK60DN10_adc.o
#        D:\ProjectCar\2thProject\ProjectCar\Projecct\IAR\program\MK60_Debug\Obj\MK60DN10_cmt.o
#        D:\ProjectCar\2thProject\ProjectCar\Projecct\IAR\program\MK60_Debug\Obj\MK60DN10_dac.o
#        D:\ProjectCar\2thProject\ProjectCar\Projecct\IAR\program\MK60_Debug\Obj\MK60DN10_dma.o
#        D:\ProjectCar\2thProject\ProjectCar\Projecct\IAR\program\MK60_Debug\Obj\MK60DN10_flash.o
#        D:\ProjectCar\2thProject\ProjectCar\Projecct\IAR\program\MK60_Debug\Obj\MK60DN10_ftm.o
#        D:\ProjectCar\2thProject\ProjectCar\Projecct\IAR\program\MK60_Debug\Obj\MK60DN10_gpio.o
#        D:\ProjectCar\2thProject\ProjectCar\Projecct\IAR\program\MK60_Debug\Obj\MK60DN10_i2c.o
#        D:\ProjectCar\2thProject\ProjectCar\Projecct\IAR\program\MK60_Debug\Obj\MK60DN10_lptmr.o
#        D:\ProjectCar\2thProject\ProjectCar\Projecct\IAR\program\MK60_Debug\Obj\MK60DN10_pit.o
#        D:\ProjectCar\2thProject\ProjectCar\Projecct\IAR\program\MK60_Debug\Obj\MK60DN10_port.o
#        D:\ProjectCar\2thProject\ProjectCar\Projecct\IAR\program\MK60_Debug\Obj\MK60DN10_rtc.o
#        D:\ProjectCar\2thProject\ProjectCar\Projecct\IAR\program\MK60_Debug\Obj\MK60DN10_sdhc.o
#        D:\ProjectCar\2thProject\ProjectCar\Projecct\IAR\program\MK60_Debug\Obj\MK60DN10_spi.o
#        D:\ProjectCar\2thProject\ProjectCar\Projecct\IAR\program\MK60_Debug\Obj\MK60DN10_systick.o
#        D:\ProjectCar\2thProject\ProjectCar\Projecct\IAR\program\MK60_Debug\Obj\MK60DN10_uart.o
#        D:\ProjectCar\2thProject\ProjectCar\Projecct\IAR\program\MK60_Debug\Obj\MK60DN10_wdog.o
#        D:\ProjectCar\2thProject\ProjectCar\Projecct\IAR\program\MK60_Debug\Obj\Motor.o
#        D:\ProjectCar\2thProject\ProjectCar\Projecct\IAR\program\MK60_Debug\Obj\PID.o
#        D:\ProjectCar\2thProject\ProjectCar\Projecct\IAR\program\MK60_Debug\Obj\SEEKFREE_18TFT.o
#        D:\ProjectCar\2thProject\ProjectCar\Projecct\IAR\program\MK60_Debug\Obj\SEEKFREE_7725.o
#        D:\ProjectCar\2thProject\ProjectCar\Projecct\IAR\program\MK60_Debug\Obj\SEEKFREE_FUN.o
#        D:\ProjectCar\2thProject\ProjectCar\Projecct\IAR\program\MK60_Debug\Obj\SEEKFREE_IIC.o
#        D:\ProjectCar\2thProject\ProjectCar\Projecct\IAR\program\MK60_Debug\Obj\SEEKFREE_L3G4200D.o
#        D:\ProjectCar\2thProject\ProjectCar\Projecct\IAR\program\MK60_Debug\Obj\SEEKFREE_MMA8451.o
#        D:\ProjectCar\2thProject\ProjectCar\Projecct\IAR\program\MK60_Debug\Obj\SEEKFREE_MPU6050.o
#        D:\ProjectCar\2thProject\ProjectCar\Projecct\IAR\program\MK60_Debug\Obj\SEEKFREE_MT9V032.o
#        D:\ProjectCar\2thProject\ProjectCar\Projecct\IAR\program\MK60_Debug\Obj\SEEKFREE_NRF24L01.o
#        D:\ProjectCar\2thProject\ProjectCar\Projecct\IAR\program\MK60_Debug\Obj\SEEKFREE_OLED.o
#        D:\ProjectCar\2thProject\ProjectCar\Projecct\IAR\program\MK60_Debug\Obj\SEEKFREE_TSL1401.o
#        D:\ProjectCar\2thProject\ProjectCar\Projecct\IAR\program\MK60_Debug\Obj\startup_MK60D10.o
#        D:\ProjectCar\2thProject\ProjectCar\Projecct\IAR\program\MK60_Debug\Obj\Steering.o
#        D:\ProjectCar\2thProject\ProjectCar\Projecct\IAR\program\MK60_Debug\Obj\system_MK60D10.o
#        D:\ProjectCar\2thProject\ProjectCar\Projecct\IAR\program\MK60_Debug\Obj\Track.o
#        --no_out_extension -o
#        D:\ProjectCar\2thProject\ProjectCar\Projecct\IAR\program\MK60_Debug\Exe\SeekFree_Kinetis.out
#        --map
#        D:\ProjectCar\2thProject\ProjectCar\Projecct\IAR\program\MK60_Debug\List\SeekFree_Kinetis.map
#        --config D:\IAR\arm\config\linker\NXP\MK60xN512_10.icf --semihosting
#        --entry __iar_program_start --vfe --utf8_text_in --text_out utf8
#        --no_bom)
#
###############################################################################

*******************************************************************************
*** RUNTIME MODEL ATTRIBUTES
***

CppFlavor       = *
__Heap_Handler  = NoFree
__SystemLibrary = DLib
__dlib_version  = 6


*******************************************************************************
*** HEAP SELECTION
***

The no free heap was selected because no calls to memory
deallocation functions were found in the application.


*******************************************************************************
*** PLACEMENT SUMMARY
***

"A0":  place at 0x0 { ro section .intvec };
"P2":  place in [from 0x0 to 0x3ff] |
                [from 0x410 to 0x7'ffff] { ro };
define block CSTACK with size = 8K, alignment = 8 { };
define block HEAP with size = 16K, alignment = 8 { };
"P3":  place in [from 0x1fff'0000 to 0x1fff'ffff repeat 2] {
          rw, block CSTACK, block HEAP };
initialize by copy { rw };

No sections matched the following patterns:

  section FlashConfig  in "P1"


  Section            Kind         Address    Size  Object
  -------            ----         -------    ----  ------
"A0":                                       0x410
  .intvec            ro code          0x0   0x410  startup_MK60D10.o [1]
                                  - 0x410   0x410

"P2":                                       0xd94
  .text              ro code        0x410   0x1c0  Encoder.o [1]
  .text              ro code        0x5d0   0x16c  MK60DN10_dma.o [1]
  .text              ro code        0x73c   0x108  MK60DN10_gpio.o [1]
  .text              ro code        0x844    0x72  Motor.o [1]
  .text              ro code        0x8b6    0x3a  zero_init3.o [4]
  .text              ro code        0x8f0    0x3c  MK60DN10_pit.o [1]
  .text              ro code        0x92c    0x44  MK60DN10_systick.o [1]
  .text              ro code        0x970   0x1b8  MK60DN10_ftm.o [1]
  .text              ro code        0xb28    0x98  MK60DN10_port.o [1]
  .text              ro code        0xbc0   0x1ac  MK60DN10_uart.o [1]
  .text              ro code        0xd6c    0xc2  system_MK60D10.o [1]
  .text              ro code        0xe30    0x54  common.o [1]
  .text              ro code        0xe84    0x38  SEEKFREE_7725.o [1]
  .text              ro code        0xebc    0x30  main.o [1]
  .text              ro code        0xeec    0x2c  copy_init3.o [4]
  .text              ro code        0xf18    0x28  data_init.o [4]
  .iar.init_table    const          0xf40    0x24  - Linker created -
  .text              ro code        0xf64    0x1e  cmain.o [4]
  .text              ro code        0xf82     0x4  low_level_init.o [2]
  .text              ro code        0xf86     0x4  exit.o [2]
  .text              ro code        0xf8c     0xa  cexit.o [4]
  .text              ro code        0xf98    0x14  exit.o [5]
  .text              ro code        0xfac    0x10  startup_MK60D10.o [1]
  .text              ro code        0xfbc     0xc  cstartup_M.o [4]
  .text              ro code        0xfc8     0x4  startup_MK60D10.o [1]
  .text              ro code        0xfcc     0x4  startup_MK60D10.o [1]
  .text              ro code        0xfd0     0x4  startup_MK60D10.o [1]
  .text              ro code        0xfd4     0x4  startup_MK60D10.o [1]
  .text              ro code        0xfd8     0x4  startup_MK60D10.o [1]
  .text              ro code        0xfdc     0x4  startup_MK60D10.o [1]
  .text              ro code        0xfe0     0x4  startup_MK60D10.o [1]
  .text              ro code        0xfe4     0x4  startup_MK60D10.o [1]
  .text              ro code        0xfe8     0x4  startup_MK60D10.o [1]
  .text              ro code        0xfec     0x4  startup_MK60D10.o [1]
  .text              ro code        0xff0     0x4  startup_MK60D10.o [1]
  .text              ro code        0xff4     0x4  startup_MK60D10.o [1]
  .text              ro code        0xff8     0x4  startup_MK60D10.o [1]
  .text              ro code        0xffc     0x4  startup_MK60D10.o [1]
  .text              ro code       0x1000     0x4  startup_MK60D10.o [1]
  .text              ro code       0x1004     0x4  startup_MK60D10.o [1]
  .text              ro code       0x1008     0x4  startup_MK60D10.o [1]
  .text              ro code       0x100c     0x4  startup_MK60D10.o [1]
  .text              ro code       0x1010     0x4  startup_MK60D10.o [1]
  .text              ro code       0x1014     0x4  startup_MK60D10.o [1]
  .text              ro code       0x1018     0x4  startup_MK60D10.o [1]
  .text              ro code       0x101c     0x4  startup_MK60D10.o [1]
  .text              ro code       0x1020     0x4  startup_MK60D10.o [1]
  .text              ro code       0x1024     0x4  startup_MK60D10.o [1]
  .text              ro code       0x1028     0x4  startup_MK60D10.o [1]
  .text              ro code       0x102c     0x4  startup_MK60D10.o [1]
  .text              ro code       0x1030     0x4  startup_MK60D10.o [1]
  .text              ro code       0x1034     0x4  startup_MK60D10.o [1]
  .text              ro code       0x1038     0x4  startup_MK60D10.o [1]
  .text              ro code       0x103c     0x4  startup_MK60D10.o [1]
  .text              ro code       0x1040     0x4  startup_MK60D10.o [1]
  .text              ro code       0x1044     0x4  startup_MK60D10.o [1]
  .text              ro code       0x1048     0x4  startup_MK60D10.o [1]
  .text              ro code       0x104c     0x4  startup_MK60D10.o [1]
  .text              ro code       0x1050     0x4  startup_MK60D10.o [1]
  .text              ro code       0x1054     0x4  startup_MK60D10.o [1]
  .text              ro code       0x1058     0x4  startup_MK60D10.o [1]
  .text              ro code       0x105c     0x4  startup_MK60D10.o [1]
  .text              ro code       0x1060     0x4  startup_MK60D10.o [1]
  .text              ro code       0x1064     0x4  startup_MK60D10.o [1]
  .text              ro code       0x1068     0x4  startup_MK60D10.o [1]
  .text              ro code       0x106c     0x4  startup_MK60D10.o [1]
  .text              ro code       0x1070     0x4  startup_MK60D10.o [1]
  .text              ro code       0x1074     0x4  startup_MK60D10.o [1]
  .text              ro code       0x1078     0x4  startup_MK60D10.o [1]
  .text              ro code       0x107c     0x4  startup_MK60D10.o [1]
  .text              ro code       0x1080     0x4  startup_MK60D10.o [1]
  .text              ro code       0x1084     0x4  startup_MK60D10.o [1]
  .text              ro code       0x1088     0x4  startup_MK60D10.o [1]
  .text              ro code       0x108c     0x4  startup_MK60D10.o [1]
  .text              ro code       0x1090     0x4  startup_MK60D10.o [1]
  .text              ro code       0x1094     0x4  startup_MK60D10.o [1]
  .text              ro code       0x1098     0x4  startup_MK60D10.o [1]
  .text              ro code       0x109c     0x4  startup_MK60D10.o [1]
  .text              ro code       0x10a0     0x4  startup_MK60D10.o [1]
  .text              ro code       0x10a4     0x4  startup_MK60D10.o [1]
  .text              ro code       0x10a8     0x4  startup_MK60D10.o [1]
  .text              ro code       0x10ac     0x4  startup_MK60D10.o [1]
  .text              ro code       0x10b0     0x4  startup_MK60D10.o [1]
  .text              ro code       0x10b4     0x4  startup_MK60D10.o [1]
  .text              ro code       0x10b8     0x4  startup_MK60D10.o [1]
  .text              ro code       0x10bc     0x4  startup_MK60D10.o [1]
  .text              ro code       0x10c0     0x4  startup_MK60D10.o [1]
  .text              ro code       0x10c4     0x4  startup_MK60D10.o [1]
  .text              ro code       0x10c8     0x4  startup_MK60D10.o [1]
  .text              ro code       0x10cc     0x4  startup_MK60D10.o [1]
  .text              ro code       0x10d0     0x4  startup_MK60D10.o [1]
  .text              ro code       0x10d4     0x4  startup_MK60D10.o [1]
  .text              ro code       0x10d8     0x4  startup_MK60D10.o [1]
  .text              ro code       0x10dc     0x4  startup_MK60D10.o [1]
  .text              ro code       0x10e0     0x4  startup_MK60D10.o [1]
  .text              ro code       0x10e4     0x4  startup_MK60D10.o [1]
  .text              ro code       0x10e8     0x4  startup_MK60D10.o [1]
  .text              ro code       0x10ec     0x4  startup_MK60D10.o [1]
  .text              ro code       0x10f0     0x4  startup_MK60D10.o [1]
  .text              ro code       0x10f4     0x4  startup_MK60D10.o [1]
  .text              ro code       0x10f8     0x4  startup_MK60D10.o [1]
  .text              ro code       0x10fc     0x4  startup_MK60D10.o [1]
  .text              ro code       0x1100     0x4  startup_MK60D10.o [1]
  .text              ro code       0x1104     0x4  startup_MK60D10.o [1]
  .text              ro code       0x1108     0x4  startup_MK60D10.o [1]
  .text              ro code       0x110c     0x4  startup_MK60D10.o [1]
  .text              ro code       0x1110     0x4  startup_MK60D10.o [1]
  .text              ro code       0x1114     0x4  startup_MK60D10.o [1]
  .text              ro code       0x1118     0x4  startup_MK60D10.o [1]
  .text              ro code       0x111c     0x4  startup_MK60D10.o [1]
  .text              ro code       0x1120     0x4  startup_MK60D10.o [1]
  .text              ro code       0x1124     0x4  startup_MK60D10.o [1]
  .text              ro code       0x1128     0x4  startup_MK60D10.o [1]
  .text              ro code       0x112c     0x4  startup_MK60D10.o [1]
  .text              ro code       0x1130     0x4  startup_MK60D10.o [1]
  .text              ro code       0x1134     0x4  startup_MK60D10.o [1]
  .text              ro code       0x1138     0x4  startup_MK60D10.o [1]
  .text              ro code       0x113c     0x4  startup_MK60D10.o [1]
  .text              ro code       0x1140     0x4  startup_MK60D10.o [1]
  .text              ro code       0x1144     0x4  startup_MK60D10.o [1]
  .text              ro code       0x1148     0x4  startup_MK60D10.o [1]
  .text              ro code       0x114c     0x4  startup_MK60D10.o [1]
  .text              ro code       0x1150     0x4  startup_MK60D10.o [1]
  .text              ro code       0x1154     0x4  startup_MK60D10.o [1]
  .text              ro code       0x1158     0x4  startup_MK60D10.o [1]
  .text              ro code       0x115c     0x4  startup_MK60D10.o [1]
  .text              ro code       0x1160     0x4  startup_MK60D10.o [1]
  .text              ro code       0x1164     0x4  startup_MK60D10.o [1]
  .text              ro code       0x1168     0x4  startup_MK60D10.o [1]
  .text              ro code       0x116c     0x4  startup_MK60D10.o [1]
  .text              ro code       0x1170     0x4  startup_MK60D10.o [1]
  .text              ro code       0x1174     0x4  startup_MK60D10.o [1]
  .text              ro code       0x1178     0x4  startup_MK60D10.o [1]
  .text              ro code       0x117c     0x4  startup_MK60D10.o [1]
  .rodata            const         0x1180     0x0  zero_init3.o [4]
  .rodata            const         0x1180     0x0  copy_init3.o [4]
  Initializer bytes  const         0x1180    0x24  <for P3 s0>
                                 - 0x11a4   0xd94

"P3", part 1 of 3:                           0x24
  P3 s0                       0x1fff'0000    0x24  <Init block>
    .data            inited   0x1fff'0000    0x18  MK60DN10_uart.o [1]
    .data            inited   0x1fff'0018     0xc  common.o [1]
                            - 0x1fff'0024    0x24

"P3", part 2 of 3:                          0x2ac
  .bss               zero     0x1fff'0024   0x258  SEEKFREE_7725.o [1]
  .bss               zero     0x1fff'027c    0x40  MK60DN10_dma.o [1]
  .bss               zero     0x1fff'02bc     0xc  Encoder.o [1]
  .bss               zero     0x1fff'02c8     0x8  MK60DN10_ftm.o [1]
                            - 0x1fff'02d0   0x2ac

"P3", part 3 of 3:                         0x2000
  CSTACK                      0x1fff'02d0  0x2000  <Block>
    CSTACK           uninit   0x1fff'02d0  0x2000  <Block tail>
                            - 0x1fff'22d0  0x2000

Unused ranges:

         From           To      Size
         ----           --      ----
       0x11a4     0x7'ffff  0x7'ee5c
  0x1fff'22d0  0x1fff'ffff    0xdd30
  0x2000'0000  0x2000'ffff  0x1'0000


*******************************************************************************
*** INIT TABLE
***

          Address      Size
          -------      ----
Zero (__iar_zero_init3)
    1 destination range, total size 0x2ac:
          0x1fff'0024  0x2ac

Copy (__iar_copy_init3)
    1 source range, total size 0x24:
               0x1180   0x24
    1 destination range, total size 0x24:
          0x1fff'0000   0x24



*******************************************************************************
*** MODULE SUMMARY
***

    Module              ro code  ro data  rw data
    ------              -------  -------  -------
command line/config:
    ---------------------------------------------
    Total:

D:\ProjectCar\2thProject\ProjectCar\Projecct\IAR\program\MK60_Debug\Obj: [1]
    Encoder.o               448                12
    MK60DN10_dma.o          364                64
    MK60DN10_ftm.o          440                 8
    MK60DN10_gpio.o         264
    MK60DN10_pit.o           60
    MK60DN10_port.o         152
    MK60DN10_systick.o       68
    MK60DN10_uart.o         428       24       24
    Motor.o                 114
    SEEKFREE_7725.o          56               600
    common.o                 84       12       12
    main.o                   48
    startup_MK60D10.o     1 496
    system_MK60D10.o        194
    ---------------------------------------------
    Total:                4 216       36      720

dl7M_tlf.a: [2]
    exit.o                    4
    low_level_init.o          4
    ---------------------------------------------
    Total:                    8

m7M_tl.a: [3]
    ---------------------------------------------
    Total:

rt7M_tl.a: [4]
    cexit.o                  10
    cmain.o                  30
    copy_init3.o             44
    cstartup_M.o             12
    data_init.o              40
    zero_init3.o             58
    ---------------------------------------------
    Total:                  194

shb_l.a: [5]
    exit.o                   20
    ---------------------------------------------
    Total:                   20

    Gaps                      6
    Linker created                    36    8 192
-------------------------------------------------
    Grand Total:          4 444       72    8 912


*******************************************************************************
*** ENTRY LIST
***

Entry                       Address   Size  Type      Object
-----                       -------   ----  ----      ------
.iar.init_table$$Base         0xf40          --   Gb  - Linker created -
.iar.init_table$$Limit        0xf64          --   Gb  - Linker created -
?main                         0xf65         Code  Gb  cmain.o [4]
CSTACK$$Base            0x1fff'02d0          --   Gb  - Linker created -
CSTACK$$Limit           0x1fff'22d0          --   Gb  - Linker created -
DMA0_IRQHandler               0xed9    0xc  Code  Gb  main.o [1]
DMA_count_Init                0x5e3  0x110  Code  Gb  MK60DN10_dma.o [1]
DMA_count_get                 0x6f3   0x12  Code  Gb  MK60DN10_dma.o [1]
DMA_count_reset               0x705   0x10  Code  Gb  MK60DN10_dma.o [1]
Dir0                    0x1fff'02bc    0x1  Data  Gb  Encoder.o [1]
Dir1                    0x1fff'02bd    0x1  Data  Gb  Encoder.o [1]
Dir2                    0x1fff'02be    0x1  Data  Gb  Encoder.o [1]
Dir3                    0x1fff'02bf    0x1  Data  Gb  Encoder.o [1]
Disable_Wdog                  0xd6d   0x16  Code  Gb  system_MK60D10.o [1]
Encoder_Init                  0x43d   0x62  Code  Gb  Encoder.o [1]
Encoder_Test                  0x54f   0x6c  Code  Gb  Encoder.o [1]
FTMX                          0xb1c    0xc  Data  Lc  MK60DN10_ftm.o [1]
FTM_port_mux                  0x971   0xf8  Code  Gb  MK60DN10_ftm.o [1]
GPIOX                         0x830   0x14  Data  Lc  MK60DN10_gpio.o [1]
GPIOX                         0xbac   0x14  Data  Gb  MK60DN10_port.o [1]
LB_Encoder_Get                0x4f7   0x2c  Code  Gb  Encoder.o [1]
LF_Encoder_Get                0x49f   0x2c  Code  Gb  Encoder.o [1]
Motor_Init                    0x845   0x72  Code  Gb  Motor.o [1]
NMI_Handler                   0xe2d    0x2  Code  Gb  system_MK60D10.o [1]
NVIC_EnableIRQ                0x411   0x12  Code  Lc  Encoder.o [1]
NVIC_EnableIRQ                0x5d1   0x12  Code  Lc  MK60DN10_dma.o [1]
NVIC_SetPriority              0x423   0x1a  Code  Lc  Encoder.o [1]
PIT0_IRQHandler               0xec9    0xc  Code  Gb  main.o [1]
PORTC_IRQHandler              0xed5    0x4  Code  Gb  main.o [1]
PORTX                         0x81c   0x14  Data  Lc  MK60DN10_gpio.o [1]
PORTX                         0xb98   0x14  Data  Gb  MK60DN10_port.o [1]
Pulse0                  0x1fff'02c0    0x2  Data  Gb  Encoder.o [1]
Pulse1                  0x1fff'02c2    0x2  Data  Gb  Encoder.o [1]
Pulse2                  0x1fff'02c4    0x2  Data  Gb  Encoder.o [1]
Pulse3                  0x1fff'02c6    0x2  Data  Gb  Encoder.o [1]
RB_Encoder_Get                0x523   0x2c  Code  Gb  Encoder.o [1]
RF_Encoder_Get                0x4cb   0x2c  Code  Gb  Encoder.o [1]
Region$$Table$$Base           0xf40          --   Gb  - Linker created -
Region$$Table$$Limit          0xf64          --   Gb  - Linker created -
SYSTEM_CLK                    0xd83   0x80  Code  Gb  system_MK60D10.o [1]
Start                         0xe15   0x18  Code  Gb  system_MK60D10.o [1]
__Vectors                       0x0          --   Gb  startup_MK60D10.o [1]
__Vectors_End                 0x400         Data  Gb  startup_MK60D10.o [1]
__Vectors_Size {Abs}          0x400          --   Gb  startup_MK60D10.o [1]
__cmain                       0xf65         Code  Gb  cmain.o [4]
__exit                        0xf99   0x14  Code  Gb  exit.o [5]
__iar_copy_init3              0xeed   0x2c  Code  Gb  copy_init3.o [4]
__iar_data_init3              0xf19   0x28  Code  Gb  data_init.o [4]
__iar_program_start           0xfbd         Code  Gb  cstartup_M.o [4]
__iar_zero_init3              0x8b7   0x3a  Code  Gb  zero_init3.o [4]
__low_level_init              0xf83    0x4  Code  Gb  low_level_init.o [2]
__vector_table                  0x0         Data  Gb  startup_MK60D10.o [1]
_call_main                    0xf71         Code  Gb  cmain.o [4]
_exit                         0xf8d         Code  Gb  cexit.o [4]
_main                         0xf7f         Code  Gb  cmain.o [4]
bus_clk_mhz             0x1fff'0020    0x4  Data  Gb  common.o [1]
core_clk_mhz            0x1fff'001c    0x4  Data  Gb  common.o [1]
count_init              0x1fff'027c   0x40  Data  Gb  MK60DN10_dma.o [1]
exit                          0xf87    0x4  Code  Gb  exit.o [2]
ftm_pwm_init                  0xa69   0xa2  Code  Gb  MK60DN10_ftm.o [1]
get_clk                       0xe31   0x54  Code  Gb  common.o [1]
gpio_get                      0x7ed   0x2e  Code  Gb  MK60DN10_gpio.o [1]
gpio_init                     0x73d   0xaa  Code  Gb  MK60DN10_gpio.o [1]
image_bin               0x1fff'0024  0x258  Data  Gb  SEEKFREE_7725.o [1]
main                          0xebd    0xc  Code  Gb  main.o [1]
mcgout_clk_mhz          0x1fff'0018    0x4  Data  Gb  common.o [1]
ov7725_vsync                  0xe85   0x26  Code  Gb  SEEKFREE_7725.o [1]
period                  0x1fff'02c8    0x8  Data  Gb  MK60DN10_ftm.o [1]
pit_init                      0x8f1   0x2e  Code  Gb  MK60DN10_pit.o [1]
port_init                     0xb29   0x6c  Code  Gb  MK60DN10_port.o [1]
systick_delay                 0x92d   0x1c  Code  Gb  MK60DN10_systick.o [1]
systick_delay_ms              0x949   0x1e  Code  Gb  MK60DN10_systick.o [1]
uart                    0x1fff'0000   0x18  Data  Gb  MK60DN10_uart.o [1]
uart_init                     0xbc1  0x198  Code  Gb  MK60DN10_uart.o [1]


[1] = D:\ProjectCar\2thProject\ProjectCar\Projecct\IAR\program\MK60_Debug\Obj
[2] = dl7M_tlf.a
[3] = m7M_tl.a
[4] = rt7M_tl.a
[5] = shb_l.a

  4 444 bytes of readonly  code memory
     72 bytes of readonly  data memory
  8 912 bytes of readwrite data memory

Errors: none
Warnings: none
