###############################################################################
#
# IAR ELF Linker V8.32.1.169/W32 for ARM                  09/Dec/2018  19:06:12
# Copyright 2007-2018 IAR Systems AB.
#
#    Output file  =  
#        D:\ProjectCar\2thProject\ProjectCar\Projecct\IAR\program\MK60_Debug\Exe\SeekFree_Kinetis.out
#    Map file     =  
#        D:\ProjectCar\2thProject\ProjectCar\Projecct\IAR\program\MK60_Debug\List\SeekFree_Kinetis.map
#    Command line =  
#        -f C:\Users\Xu\AppData\Local\Temp\EWF91B.tmp
#        (D:\ProjectCar\2thProject\ProjectCar\Projecct\IAR\program\MK60_Debug\Obj\Camera.o
#        D:\ProjectCar\2thProject\ProjectCar\Projecct\IAR\program\MK60_Debug\Obj\common.o
#        D:\ProjectCar\2thProject\ProjectCar\Projecct\IAR\program\MK60_Debug\Obj\Coordinate.o
#        D:\ProjectCar\2thProject\ProjectCar\Projecct\IAR\program\MK60_Debug\Obj\diskio.o
#        D:\ProjectCar\2thProject\ProjectCar\Projecct\IAR\program\MK60_Debug\Obj\Encoder.o
#        D:\ProjectCar\2thProject\ProjectCar\Projecct\IAR\program\MK60_Debug\Obj\ff.o
#        D:\ProjectCar\2thProject\ProjectCar\Projecct\IAR\program\MK60_Debug\Obj\Global.o
#        D:\ProjectCar\2thProject\ProjectCar\Projecct\IAR\program\MK60_Debug\Obj\GraySensor.o
#        D:\ProjectCar\2thProject\ProjectCar\Projecct\IAR\program\MK60_Debug\Obj\main.o
#        D:\ProjectCar\2thProject\ProjectCar\Projecct\IAR\program\MK60_Debug\Obj\misc.o
#        D:\ProjectCar\2thProject\ProjectCar\Projecct\IAR\program\MK60_Debug\Obj\MK60DN10_adc.o
#        D:\ProjectCar\2thProject\ProjectCar\Projecct\IAR\program\MK60_Debug\Obj\MK60DN10_cmt.o
#        D:\ProjectCar\2thProject\ProjectCar\Projecct\IAR\program\MK60_Debug\Obj\MK60DN10_dac.o
#        D:\ProjectCar\2thProject\ProjectCar\Projecct\IAR\program\MK60_Debug\Obj\MK60DN10_dma.o
#        D:\ProjectCar\2thProject\ProjectCar\Projecct\IAR\program\MK60_Debug\Obj\MK60DN10_flash.o
#        D:\ProjectCar\2thProject\ProjectCar\Projecct\IAR\program\MK60_Debug\Obj\MK60DN10_ftm.o
#        D:\ProjectCar\2thProject\ProjectCar\Projecct\IAR\program\MK60_Debug\Obj\MK60DN10_gpio.o
#        D:\ProjectCar\2thProject\ProjectCar\Projecct\IAR\program\MK60_Debug\Obj\MK60DN10_i2c.o
#        D:\ProjectCar\2thProject\ProjectCar\Projecct\IAR\program\MK60_Debug\Obj\MK60DN10_lptmr.o
#        D:\ProjectCar\2thProject\ProjectCar\Projecct\IAR\program\MK60_Debug\Obj\MK60DN10_pit.o
#        D:\ProjectCar\2thProject\ProjectCar\Projecct\IAR\program\MK60_Debug\Obj\MK60DN10_port.o
#        D:\ProjectCar\2thProject\ProjectCar\Projecct\IAR\program\MK60_Debug\Obj\MK60DN10_rtc.o
#        D:\ProjectCar\2thProject\ProjectCar\Projecct\IAR\program\MK60_Debug\Obj\MK60DN10_sdhc.o
#        D:\ProjectCar\2thProject\ProjectCar\Projecct\IAR\program\MK60_Debug\Obj\MK60DN10_spi.o
#        D:\ProjectCar\2thProject\ProjectCar\Projecct\IAR\program\MK60_Debug\Obj\MK60DN10_systick.o
#        D:\ProjectCar\2thProject\ProjectCar\Projecct\IAR\program\MK60_Debug\Obj\MK60DN10_uart.o
#        D:\ProjectCar\2thProject\ProjectCar\Projecct\IAR\program\MK60_Debug\Obj\MK60DN10_wdog.o
#        D:\ProjectCar\2thProject\ProjectCar\Projecct\IAR\program\MK60_Debug\Obj\Motor.o
#        D:\ProjectCar\2thProject\ProjectCar\Projecct\IAR\program\MK60_Debug\Obj\PID.o
#        D:\ProjectCar\2thProject\ProjectCar\Projecct\IAR\program\MK60_Debug\Obj\SEEKFREE_18TFT.o
#        D:\ProjectCar\2thProject\ProjectCar\Projecct\IAR\program\MK60_Debug\Obj\SEEKFREE_7725.o
#        D:\ProjectCar\2thProject\ProjectCar\Projecct\IAR\program\MK60_Debug\Obj\SEEKFREE_FUN.o
#        D:\ProjectCar\2thProject\ProjectCar\Projecct\IAR\program\MK60_Debug\Obj\SEEKFREE_IIC.o
#        D:\ProjectCar\2thProject\ProjectCar\Projecct\IAR\program\MK60_Debug\Obj\SEEKFREE_L3G4200D.o
#        D:\ProjectCar\2thProject\ProjectCar\Projecct\IAR\program\MK60_Debug\Obj\SEEKFREE_MMA8451.o
#        D:\ProjectCar\2thProject\ProjectCar\Projecct\IAR\program\MK60_Debug\Obj\SEEKFREE_MPU6050.o
#        D:\ProjectCar\2thProject\ProjectCar\Projecct\IAR\program\MK60_Debug\Obj\SEEKFREE_MT9V032.o
#        D:\ProjectCar\2thProject\ProjectCar\Projecct\IAR\program\MK60_Debug\Obj\SEEKFREE_NRF24L01.o
#        D:\ProjectCar\2thProject\ProjectCar\Projecct\IAR\program\MK60_Debug\Obj\SEEKFREE_OLED.o
#        D:\ProjectCar\2thProject\ProjectCar\Projecct\IAR\program\MK60_Debug\Obj\SEEKFREE_TSL1401.o
#        D:\ProjectCar\2thProject\ProjectCar\Projecct\IAR\program\MK60_Debug\Obj\startup_MK60D10.o
#        D:\ProjectCar\2thProject\ProjectCar\Projecct\IAR\program\MK60_Debug\Obj\Steering.o
#        D:\ProjectCar\2thProject\ProjectCar\Projecct\IAR\program\MK60_Debug\Obj\system_MK60D10.o
#        D:\ProjectCar\2thProject\ProjectCar\Projecct\IAR\program\MK60_Debug\Obj\Track.o
#        --no_out_extension -o
#        D:\ProjectCar\2thProject\ProjectCar\Projecct\IAR\program\MK60_Debug\Exe\SeekFree_Kinetis.out
#        --map
#        D:\ProjectCar\2thProject\ProjectCar\Projecct\IAR\program\MK60_Debug\List\SeekFree_Kinetis.map
#        --config D:\IAR\arm\config\linker\NXP\MK60xN512_10.icf --semihosting
#        --entry __iar_program_start --vfe --utf8_text_in --text_out utf8
#        --no_bom)
#
###############################################################################

*******************************************************************************
*** RUNTIME MODEL ATTRIBUTES
***

CppFlavor       = *
__Heap_Handler  = NoFree
__SystemLibrary = DLib
__dlib_version  = 6


*******************************************************************************
*** HEAP SELECTION
***

The no free heap was selected because no calls to memory
deallocation functions were found in the application.


*******************************************************************************
*** PLACEMENT SUMMARY
***

"A0":  place at 0x0 { ro section .intvec };
"P2":  place in [from 0x0 to 0x3ff] |
                [from 0x410 to 0x7'ffff] { ro };
define block CSTACK with size = 8K, alignment = 8 { };
define block HEAP with size = 16K, alignment = 8 { };
"P3":  place in [from 0x1fff'0000 to 0x1fff'ffff repeat 2] {
          rw, block CSTACK, block HEAP };
initialize by copy { rw };

No sections matched the following patterns:

  section FlashConfig  in "P1"


  Section            Kind         Address    Size  Object
  -------            ----         -------    ----  ------
"A0":                                       0x410
  .intvec            ro code          0x0   0x410  startup_MK60D10.o [1]
                                  - 0x410   0x410

"P2":                                       0xc4c
  .text              ro code        0x410   0x1fc  MK60DN10_ftm.o [1]
  .text              ro code        0x60c    0x98  MK60DN10_port.o [1]
  .text              ro code        0x6a4   0x1f0  Motor.o [1]
  .text              ro code        0x894   0x114  MK60DN10_gpio.o [1]
  .text              ro code        0x9a8    0x24  S32ToFlt.o [3]
  .text              ro code        0x9cc    0x22  SEEKFREE_FUN.o [1]
  .text              ro code        0x9ee    0x3a  zero_init3.o [4]
  .text              ro code        0xa28    0x2a  FltToS32.o [3]
  .text              ro code        0xa54    0x24  FltCmpLe.o [3]
  .text              ro code        0xa78   0x1ac  MK60DN10_uart.o [1]
  .text              ro code        0xc24    0xc2  system_MK60D10.o [1]
  .text              ro code        0xce8    0x54  common.o [1]
  .text              ro code        0xd3c    0x38  SEEKFREE_7725.o [1]
  .text              ro code        0xd74    0x30  main.o [1]
  .text              ro code        0xda4    0x2c  copy_init3.o [4]
  .text              ro code        0xdd0    0x28  data_init.o [4]
  .iar.init_table    const          0xdf8    0x24  - Linker created -
  .text              ro code        0xe1c    0x1e  cmain.o [4]
  .text              ro code        0xe3a     0x4  low_level_init.o [2]
  .text              ro code        0xe3e     0x4  exit.o [2]
  .text              ro code        0xe44     0xa  cexit.o [4]
  .text              ro code        0xe50    0x14  exit.o [5]
  .text              ro code        0xe64    0x10  startup_MK60D10.o [1]
  .text              ro code        0xe74     0xc  cstartup_M.o [4]
  .text              ro code        0xe80     0x4  startup_MK60D10.o [1]
  .text              ro code        0xe84     0x4  startup_MK60D10.o [1]
  .text              ro code        0xe88     0x4  startup_MK60D10.o [1]
  .text              ro code        0xe8c     0x4  startup_MK60D10.o [1]
  .text              ro code        0xe90     0x4  startup_MK60D10.o [1]
  .text              ro code        0xe94     0x4  startup_MK60D10.o [1]
  .text              ro code        0xe98     0x4  startup_MK60D10.o [1]
  .text              ro code        0xe9c     0x4  startup_MK60D10.o [1]
  .text              ro code        0xea0     0x4  startup_MK60D10.o [1]
  .text              ro code        0xea4     0x4  startup_MK60D10.o [1]
  .text              ro code        0xea8     0x4  startup_MK60D10.o [1]
  .text              ro code        0xeac     0x4  startup_MK60D10.o [1]
  .text              ro code        0xeb0     0x4  startup_MK60D10.o [1]
  .text              ro code        0xeb4     0x4  startup_MK60D10.o [1]
  .text              ro code        0xeb8     0x4  startup_MK60D10.o [1]
  .text              ro code        0xebc     0x4  startup_MK60D10.o [1]
  .text              ro code        0xec0     0x4  startup_MK60D10.o [1]
  .text              ro code        0xec4     0x4  startup_MK60D10.o [1]
  .text              ro code        0xec8     0x4  startup_MK60D10.o [1]
  .text              ro code        0xecc     0x4  startup_MK60D10.o [1]
  .text              ro code        0xed0     0x4  startup_MK60D10.o [1]
  .text              ro code        0xed4     0x4  startup_MK60D10.o [1]
  .text              ro code        0xed8     0x4  startup_MK60D10.o [1]
  .text              ro code        0xedc     0x4  startup_MK60D10.o [1]
  .text              ro code        0xee0     0x4  startup_MK60D10.o [1]
  .text              ro code        0xee4     0x4  startup_MK60D10.o [1]
  .text              ro code        0xee8     0x4  startup_MK60D10.o [1]
  .text              ro code        0xeec     0x4  startup_MK60D10.o [1]
  .text              ro code        0xef0     0x4  startup_MK60D10.o [1]
  .text              ro code        0xef4     0x4  startup_MK60D10.o [1]
  .text              ro code        0xef8     0x4  startup_MK60D10.o [1]
  .text              ro code        0xefc     0x4  startup_MK60D10.o [1]
  .text              ro code        0xf00     0x4  startup_MK60D10.o [1]
  .text              ro code        0xf04     0x4  startup_MK60D10.o [1]
  .text              ro code        0xf08     0x4  startup_MK60D10.o [1]
  .text              ro code        0xf0c     0x4  startup_MK60D10.o [1]
  .text              ro code        0xf10     0x4  startup_MK60D10.o [1]
  .text              ro code        0xf14     0x4  startup_MK60D10.o [1]
  .text              ro code        0xf18     0x4  startup_MK60D10.o [1]
  .text              ro code        0xf1c     0x4  startup_MK60D10.o [1]
  .text              ro code        0xf20     0x4  startup_MK60D10.o [1]
  .text              ro code        0xf24     0x4  startup_MK60D10.o [1]
  .text              ro code        0xf28     0x4  startup_MK60D10.o [1]
  .text              ro code        0xf2c     0x4  startup_MK60D10.o [1]
  .text              ro code        0xf30     0x4  startup_MK60D10.o [1]
  .text              ro code        0xf34     0x4  startup_MK60D10.o [1]
  .text              ro code        0xf38     0x4  startup_MK60D10.o [1]
  .text              ro code        0xf3c     0x4  startup_MK60D10.o [1]
  .text              ro code        0xf40     0x4  startup_MK60D10.o [1]
  .text              ro code        0xf44     0x4  startup_MK60D10.o [1]
  .text              ro code        0xf48     0x4  startup_MK60D10.o [1]
  .text              ro code        0xf4c     0x4  startup_MK60D10.o [1]
  .text              ro code        0xf50     0x4  startup_MK60D10.o [1]
  .text              ro code        0xf54     0x4  startup_MK60D10.o [1]
  .text              ro code        0xf58     0x4  startup_MK60D10.o [1]
  .text              ro code        0xf5c     0x4  startup_MK60D10.o [1]
  .text              ro code        0xf60     0x4  startup_MK60D10.o [1]
  .text              ro code        0xf64     0x4  startup_MK60D10.o [1]
  .text              ro code        0xf68     0x4  startup_MK60D10.o [1]
  .text              ro code        0xf6c     0x4  startup_MK60D10.o [1]
  .text              ro code        0xf70     0x4  startup_MK60D10.o [1]
  .text              ro code        0xf74     0x4  startup_MK60D10.o [1]
  .text              ro code        0xf78     0x4  startup_MK60D10.o [1]
  .text              ro code        0xf7c     0x4  startup_MK60D10.o [1]
  .text              ro code        0xf80     0x4  startup_MK60D10.o [1]
  .text              ro code        0xf84     0x4  startup_MK60D10.o [1]
  .text              ro code        0xf88     0x4  startup_MK60D10.o [1]
  .text              ro code        0xf8c     0x4  startup_MK60D10.o [1]
  .text              ro code        0xf90     0x4  startup_MK60D10.o [1]
  .text              ro code        0xf94     0x4  startup_MK60D10.o [1]
  .text              ro code        0xf98     0x4  startup_MK60D10.o [1]
  .text              ro code        0xf9c     0x4  startup_MK60D10.o [1]
  .text              ro code        0xfa0     0x4  startup_MK60D10.o [1]
  .text              ro code        0xfa4     0x4  startup_MK60D10.o [1]
  .text              ro code        0xfa8     0x4  startup_MK60D10.o [1]
  .text              ro code        0xfac     0x4  startup_MK60D10.o [1]
  .text              ro code        0xfb0     0x4  startup_MK60D10.o [1]
  .text              ro code        0xfb4     0x4  startup_MK60D10.o [1]
  .text              ro code        0xfb8     0x4  startup_MK60D10.o [1]
  .text              ro code        0xfbc     0x4  startup_MK60D10.o [1]
  .text              ro code        0xfc0     0x4  startup_MK60D10.o [1]
  .text              ro code        0xfc4     0x4  startup_MK60D10.o [1]
  .text              ro code        0xfc8     0x4  startup_MK60D10.o [1]
  .text              ro code        0xfcc     0x4  startup_MK60D10.o [1]
  .text              ro code        0xfd0     0x4  startup_MK60D10.o [1]
  .text              ro code        0xfd4     0x4  startup_MK60D10.o [1]
  .text              ro code        0xfd8     0x4  startup_MK60D10.o [1]
  .text              ro code        0xfdc     0x4  startup_MK60D10.o [1]
  .text              ro code        0xfe0     0x4  startup_MK60D10.o [1]
  .text              ro code        0xfe4     0x4  startup_MK60D10.o [1]
  .text              ro code        0xfe8     0x4  startup_MK60D10.o [1]
  .text              ro code        0xfec     0x4  startup_MK60D10.o [1]
  .text              ro code        0xff0     0x4  startup_MK60D10.o [1]
  .text              ro code        0xff4     0x4  startup_MK60D10.o [1]
  .text              ro code        0xff8     0x4  startup_MK60D10.o [1]
  .text              ro code        0xffc     0x4  startup_MK60D10.o [1]
  .text              ro code       0x1000     0x4  startup_MK60D10.o [1]
  .text              ro code       0x1004     0x4  startup_MK60D10.o [1]
  .text              ro code       0x1008     0x4  startup_MK60D10.o [1]
  .text              ro code       0x100c     0x4  startup_MK60D10.o [1]
  .text              ro code       0x1010     0x4  startup_MK60D10.o [1]
  .text              ro code       0x1014     0x4  startup_MK60D10.o [1]
  .text              ro code       0x1018     0x4  startup_MK60D10.o [1]
  .text              ro code       0x101c     0x4  startup_MK60D10.o [1]
  .text              ro code       0x1020     0x4  startup_MK60D10.o [1]
  .text              ro code       0x1024     0x4  startup_MK60D10.o [1]
  .text              ro code       0x1028     0x4  startup_MK60D10.o [1]
  .text              ro code       0x102c     0x4  startup_MK60D10.o [1]
  .text              ro code       0x1030     0x4  startup_MK60D10.o [1]
  .text              ro code       0x1034     0x4  startup_MK60D10.o [1]
  .rodata            const         0x1038     0x0  zero_init3.o [4]
  .rodata            const         0x1038     0x0  copy_init3.o [4]
  Initializer bytes  const         0x1038    0x24  <for P3 s0>
                                 - 0x105c   0xc4c

"P3", part 1 of 3:                           0x24
  P3 s0                       0x1fff'0000    0x24  <Init block>
    .data            inited   0x1fff'0000    0x18  MK60DN10_uart.o [1]
    .data            inited   0x1fff'0018     0xc  common.o [1]
                            - 0x1fff'0024    0x24

"P3", part 2 of 3:                          0x260
  .bss               zero     0x1fff'0024   0x258  SEEKFREE_7725.o [1]
  .bss               zero     0x1fff'027c     0x8  MK60DN10_ftm.o [1]
                            - 0x1fff'0284   0x260

"P3", part 3 of 3:                         0x2000
  CSTACK                      0x1fff'0288  0x2000  <Block>
    CSTACK           uninit   0x1fff'0288  0x2000  <Block tail>
                            - 0x1fff'2288  0x2000

Unused ranges:

         From           To      Size
         ----           --      ----
       0x105c     0x7'ffff  0x7'efa4
  0x1fff'0284  0x1fff'0287       0x4
  0x1fff'2288  0x1fff'ffff    0xdd78
  0x2000'0000  0x2000'ffff  0x1'0000


*******************************************************************************
*** INIT TABLE
***

          Address      Size
          -------      ----
Zero (__iar_zero_init3)
    1 destination range, total size 0x260:
          0x1fff'0024  0x260

Copy (__iar_copy_init3)
    1 source range, total size 0x24:
               0x1038   0x24
    1 destination range, total size 0x24:
          0x1fff'0000   0x24



*******************************************************************************
*** MODULE SUMMARY
***

    Module             ro code  ro data  rw data
    ------             -------  -------  -------
command line/config:
    --------------------------------------------
    Total:

D:\ProjectCar\2thProject\ProjectCar\Projecct\IAR\program\MK60_Debug\Obj: [1]
    MK60DN10_ftm.o         508                 8
    MK60DN10_gpio.o        276
    MK60DN10_port.o        152
    MK60DN10_uart.o        428       24       24
    Motor.o                496
    SEEKFREE_7725.o         56               600
    SEEKFREE_FUN.o          34
    common.o                84       12       12
    main.o                  48
    startup_MK60D10.o    1 496
    system_MK60D10.o       194
    --------------------------------------------
    Total:               3 772       36      644

dl7M_tlf.a: [2]
    exit.o                   4
    low_level_init.o         4
    --------------------------------------------
    Total:                   8

m7M_tl.a: [3]
    FltCmpLe.o              36
    FltToS32.o              42
    S32ToFlt.o              36
    --------------------------------------------
    Total:                 114

rt7M_tl.a: [4]
    cexit.o                 10
    cmain.o                 30
    copy_init3.o            44
    cstartup_M.o            12
    data_init.o             40
    zero_init3.o            58
    --------------------------------------------
    Total:                 194

shb_l.a: [5]
    exit.o                  20
    --------------------------------------------
    Total:                  20

    Gaps                     8
    Linker created                   36    8 192
------------------------------------------------
    Grand Total:         4 116       72    8 836


*******************************************************************************
*** ENTRY LIST
***

Entry                       Address   Size  Type      Object
-----                       -------   ----  ----      ------
.iar.init_table$$Base         0xdf8          --   Gb  - Linker created -
.iar.init_table$$Limit        0xe1c          --   Gb  - Linker created -
?main                         0xe1d         Code  Gb  cmain.o [4]
CSTACK$$Base            0x1fff'0288          --   Gb  - Linker created -
CSTACK$$Limit           0x1fff'2288          --   Gb  - Linker created -
DMA0_IRQHandler               0xd91    0xc  Code  Gb  main.o [1]
Disable_Wdog                  0xc25   0x16  Code  Gb  system_MK60D10.o [1]
FTMX                          0x600    0xc  Data  Lc  MK60DN10_ftm.o [1]
FTM_port_mux                  0x411   0xf8  Code  Gb  MK60DN10_ftm.o [1]
GPIOX                         0x994   0x14  Data  Lc  MK60DN10_gpio.o [1]
GPIOX                         0x690   0x14  Data  Gb  MK60DN10_port.o [1]
LB_Motor_Control              0x7c1   0x50  Code  Gb  Motor.o [1]
LF_Motor_Control              0x721   0x50  Code  Gb  Motor.o [1]
Motor_Init                    0x6a5   0x7c  Code  Gb  Motor.o [1]
Motor_Test                    0x86d   0x28  Code  Gb  Motor.o [1]
NMI_Handler                   0xce5    0x2  Code  Gb  system_MK60D10.o [1]
PIT0_IRQHandler               0xd81    0xc  Code  Gb  main.o [1]
PORTC_IRQHandler              0xd8d    0x4  Code  Gb  main.o [1]
PORTX                         0x980   0x14  Data  Lc  MK60DN10_gpio.o [1]
PORTX                         0x67c   0x14  Data  Gb  MK60DN10_port.o [1]
RB_Motor_Control              0x811   0x56  Code  Gb  Motor.o [1]
RF_Motor_Control              0x771   0x50  Code  Gb  Motor.o [1]
Region$$Table$$Base           0xdf8          --   Gb  - Linker created -
Region$$Table$$Limit          0xe1c          --   Gb  - Linker created -
SYSTEM_CLK                    0xc3b   0x80  Code  Gb  system_MK60D10.o [1]
Start                         0xccd   0x18  Code  Gb  system_MK60D10.o [1]
__Vectors                       0x0          --   Gb  startup_MK60D10.o [1]
__Vectors_End                 0x400         Data  Gb  startup_MK60D10.o [1]
__Vectors_Size {Abs}          0x400          --   Gb  startup_MK60D10.o [1]
__aeabi_cfcmple               0xa55         Code  Gb  FltCmpLe.o [3]
__aeabi_f2iz                  0xa29         Code  Gb  FltToS32.o [3]
__aeabi_i2f                   0x9a9         Code  Gb  S32ToFlt.o [3]
__cmain                       0xe1d         Code  Gb  cmain.o [4]
__exit                        0xe51   0x14  Code  Gb  exit.o [5]
__iar_copy_init3              0xda5   0x2c  Code  Gb  copy_init3.o [4]
__iar_data_init3              0xdd1   0x28  Code  Gb  data_init.o [4]
__iar_program_start           0xe75         Code  Gb  cstartup_M.o [4]
__iar_zero_init3              0x9ef   0x3a  Code  Gb  zero_init3.o [4]
__low_level_init              0xe3b    0x4  Code  Gb  low_level_init.o [2]
__vector_table                  0x0         Data  Gb  startup_MK60D10.o [1]
_call_main                    0xe29         Code  Gb  cmain.o [4]
_exit                         0xe45         Code  Gb  cexit.o [4]
_main                         0xe37         Code  Gb  cmain.o [4]
bus_clk_mhz             0x1fff'0020    0x4  Data  Gb  common.o [1]
core_clk_mhz            0x1fff'001c    0x4  Data  Gb  common.o [1]
exit                          0xe3f    0x4  Code  Gb  exit.o [2]
ftm_pwm_duty                  0x5ad   0x42  Code  Gb  MK60DN10_ftm.o [1]
ftm_pwm_init                  0x509   0xa2  Code  Gb  MK60DN10_ftm.o [1]
get_clk                       0xce9   0x54  Code  Gb  common.o [1]
gpio_init                     0x895   0xaa  Code  Gb  MK60DN10_gpio.o [1]
gpio_set                      0x945   0x3c  Code  Gb  MK60DN10_gpio.o [1]
image_bin               0x1fff'0024  0x258  Data  Gb  SEEKFREE_7725.o [1]
limit                         0x9cd   0x22  Code  Gb  SEEKFREE_FUN.o [1]
main                          0xd75    0xc  Code  Gb  main.o [1]
mcgout_clk_mhz          0x1fff'0018    0x4  Data  Gb  common.o [1]
ov7725_vsync                  0xd3d   0x26  Code  Gb  SEEKFREE_7725.o [1]
period                  0x1fff'027c    0x8  Data  Gb  MK60DN10_ftm.o [1]
port_init                     0x60d   0x6c  Code  Gb  MK60DN10_port.o [1]
uart                    0x1fff'0000   0x18  Data  Gb  MK60DN10_uart.o [1]
uart_init                     0xa79  0x198  Code  Gb  MK60DN10_uart.o [1]


[1] = D:\ProjectCar\2thProject\ProjectCar\Projecct\IAR\program\MK60_Debug\Obj
[2] = dl7M_tlf.a
[3] = m7M_tl.a
[4] = rt7M_tl.a
[5] = shb_l.a

  4 116 bytes of readonly  code memory
     72 bytes of readonly  data memory
  8 836 bytes of readwrite data memory

Errors: none
Warnings: none
