###############################################################################
#
# IAR ELF Linker V8.32.1.169/W32 for ARM                  09/Dec/2018  18:34:30
# Copyright 2007-2018 IAR Systems AB.
#
#    Output file  =  
#        D:\ProjectCar\2thProject\ProjectCar\Projecct\IAR\program\MK60_Debug\Exe\SeekFree_Kinetis.out
#    Map file     =  
#        D:\ProjectCar\2thProject\ProjectCar\Projecct\IAR\program\MK60_Debug\List\SeekFree_Kinetis.map
#    Command line =  
#        -f C:\Users\Xu\AppData\Local\Temp\EWF1D1.tmp
#        (D:\ProjectCar\2thProject\ProjectCar\Projecct\IAR\program\MK60_Debug\Obj\Camera.o
#        D:\ProjectCar\2thProject\ProjectCar\Projecct\IAR\program\MK60_Debug\Obj\common.o
#        D:\ProjectCar\2thProject\ProjectCar\Projecct\IAR\program\MK60_Debug\Obj\Coordinate.o
#        D:\ProjectCar\2thProject\ProjectCar\Projecct\IAR\program\MK60_Debug\Obj\diskio.o
#        D:\ProjectCar\2thProject\ProjectCar\Projecct\IAR\program\MK60_Debug\Obj\Encoder.o
#        D:\ProjectCar\2thProject\ProjectCar\Projecct\IAR\program\MK60_Debug\Obj\ff.o
#        D:\ProjectCar\2thProject\ProjectCar\Projecct\IAR\program\MK60_Debug\Obj\Global.o
#        D:\ProjectCar\2thProject\ProjectCar\Projecct\IAR\program\MK60_Debug\Obj\GraySensor.o
#        D:\ProjectCar\2thProject\ProjectCar\Projecct\IAR\program\MK60_Debug\Obj\main.o
#        D:\ProjectCar\2thProject\ProjectCar\Projecct\IAR\program\MK60_Debug\Obj\misc.o
#        D:\ProjectCar\2thProject\ProjectCar\Projecct\IAR\program\MK60_Debug\Obj\MK60DN10_adc.o
#        D:\ProjectCar\2thProject\ProjectCar\Projecct\IAR\program\MK60_Debug\Obj\MK60DN10_cmt.o
#        D:\ProjectCar\2thProject\ProjectCar\Projecct\IAR\program\MK60_Debug\Obj\MK60DN10_dac.o
#        D:\ProjectCar\2thProject\ProjectCar\Projecct\IAR\program\MK60_Debug\Obj\MK60DN10_dma.o
#        D:\ProjectCar\2thProject\ProjectCar\Projecct\IAR\program\MK60_Debug\Obj\MK60DN10_flash.o
#        D:\ProjectCar\2thProject\ProjectCar\Projecct\IAR\program\MK60_Debug\Obj\MK60DN10_ftm.o
#        D:\ProjectCar\2thProject\ProjectCar\Projecct\IAR\program\MK60_Debug\Obj\MK60DN10_gpio.o
#        D:\ProjectCar\2thProject\ProjectCar\Projecct\IAR\program\MK60_Debug\Obj\MK60DN10_i2c.o
#        D:\ProjectCar\2thProject\ProjectCar\Projecct\IAR\program\MK60_Debug\Obj\MK60DN10_lptmr.o
#        D:\ProjectCar\2thProject\ProjectCar\Projecct\IAR\program\MK60_Debug\Obj\MK60DN10_pit.o
#        D:\ProjectCar\2thProject\ProjectCar\Projecct\IAR\program\MK60_Debug\Obj\MK60DN10_port.o
#        D:\ProjectCar\2thProject\ProjectCar\Projecct\IAR\program\MK60_Debug\Obj\MK60DN10_rtc.o
#        D:\ProjectCar\2thProject\ProjectCar\Projecct\IAR\program\MK60_Debug\Obj\MK60DN10_sdhc.o
#        D:\ProjectCar\2thProject\ProjectCar\Projecct\IAR\program\MK60_Debug\Obj\MK60DN10_spi.o
#        D:\ProjectCar\2thProject\ProjectCar\Projecct\IAR\program\MK60_Debug\Obj\MK60DN10_systick.o
#        D:\ProjectCar\2thProject\ProjectCar\Projecct\IAR\program\MK60_Debug\Obj\MK60DN10_uart.o
#        D:\ProjectCar\2thProject\ProjectCar\Projecct\IAR\program\MK60_Debug\Obj\MK60DN10_wdog.o
#        D:\ProjectCar\2thProject\ProjectCar\Projecct\IAR\program\MK60_Debug\Obj\Motor.o
#        D:\ProjectCar\2thProject\ProjectCar\Projecct\IAR\program\MK60_Debug\Obj\PID.o
#        D:\ProjectCar\2thProject\ProjectCar\Projecct\IAR\program\MK60_Debug\Obj\SEEKFREE_18TFT.o
#        D:\ProjectCar\2thProject\ProjectCar\Projecct\IAR\program\MK60_Debug\Obj\SEEKFREE_7725.o
#        D:\ProjectCar\2thProject\ProjectCar\Projecct\IAR\program\MK60_Debug\Obj\SEEKFREE_FUN.o
#        D:\ProjectCar\2thProject\ProjectCar\Projecct\IAR\program\MK60_Debug\Obj\SEEKFREE_IIC.o
#        D:\ProjectCar\2thProject\ProjectCar\Projecct\IAR\program\MK60_Debug\Obj\SEEKFREE_L3G4200D.o
#        D:\ProjectCar\2thProject\ProjectCar\Projecct\IAR\program\MK60_Debug\Obj\SEEKFREE_MMA8451.o
#        D:\ProjectCar\2thProject\ProjectCar\Projecct\IAR\program\MK60_Debug\Obj\SEEKFREE_MPU6050.o
#        D:\ProjectCar\2thProject\ProjectCar\Projecct\IAR\program\MK60_Debug\Obj\SEEKFREE_MT9V032.o
#        D:\ProjectCar\2thProject\ProjectCar\Projecct\IAR\program\MK60_Debug\Obj\SEEKFREE_NRF24L01.o
#        D:\ProjectCar\2thProject\ProjectCar\Projecct\IAR\program\MK60_Debug\Obj\SEEKFREE_OLED.o
#        D:\ProjectCar\2thProject\ProjectCar\Projecct\IAR\program\MK60_Debug\Obj\SEEKFREE_TSL1401.o
#        D:\ProjectCar\2thProject\ProjectCar\Projecct\IAR\program\MK60_Debug\Obj\startup_MK60D10.o
#        D:\ProjectCar\2thProject\ProjectCar\Projecct\IAR\program\MK60_Debug\Obj\Steering.o
#        D:\ProjectCar\2thProject\ProjectCar\Projecct\IAR\program\MK60_Debug\Obj\system_MK60D10.o
#        D:\ProjectCar\2thProject\ProjectCar\Projecct\IAR\program\MK60_Debug\Obj\Track.o
#        --no_out_extension -o
#        D:\ProjectCar\2thProject\ProjectCar\Projecct\IAR\program\MK60_Debug\Exe\SeekFree_Kinetis.out
#        --map
#        D:\ProjectCar\2thProject\ProjectCar\Projecct\IAR\program\MK60_Debug\List\SeekFree_Kinetis.map
#        --config D:\IAR\arm\config\linker\NXP\MK60xN512_10.icf --semihosting
#        --entry __iar_program_start --vfe --utf8_text_in --text_out utf8
#        --no_bom)
#
###############################################################################

*******************************************************************************
*** RUNTIME MODEL ATTRIBUTES
***

CppFlavor       = *
__Heap_Handler  = NoFree
__SystemLibrary = DLib
__dlib_version  = 6


*******************************************************************************
*** HEAP SELECTION
***

The no free heap was selected because no calls to memory
deallocation functions were found in the application.


*******************************************************************************
*** PLACEMENT SUMMARY
***

"A0":  place at 0x0 { ro section .intvec };
"P2":  place in [from 0x0 to 0x3ff] |
                [from 0x410 to 0x7'ffff] { ro };
define block CSTACK with size = 8K, alignment = 8 { };
define block HEAP with size = 16K, alignment = 8 { };
"P3":  place in [from 0x1fff'0000 to 0x1fff'ffff repeat 2] {
          rw, block CSTACK, block HEAP };
initialize by copy { rw };

No sections matched the following patterns:

  section FlashConfig  in "P1"


  Section            Kind         Address    Size  Object
  -------            ----         -------    ----  ------
"A0":                                       0x410
  .intvec            ro code          0x0   0x410  startup_MK60D10.o [1]
                                  - 0x410   0x410

"P2":                                      0x3290
  .text              ro code        0x410   0x46c  Camera.o [1]
  .text              ro code        0x87c   0x342  SEEKFREE_7725.o [1]
  .text              ro code        0xbbe    0x3a  zero_init3.o [4]
  .text              ro code        0xbf8    0x24  S32ToFlt.o [3]
  .text              ro code        0xc1c    0xe2  FltAdd.o [3]
  .text              ro code        0xd00    0xfc  FltDiv.o [3]
  .text              ro code        0xdfc    0x48  FltToDbl.o [3]
  .text              ro code        0xe44    0x22  S32ToDbl.o [3]
  .text              ro code        0xe68   0x246  DblDiv.o [3]
  .text              ro code       0x10b0   0x17a  DblAdd.o [3]
  .text              ro code       0x122c    0x68  DblToFlt.o [3]
  .text              ro code       0x1294    0xd8  FltMul.o [3]
  .text              ro code       0x136c   0x3cc  SEEKFREE_OLED.o [1]
  .text              ro code       0x1738   0x258  SEEKFREE_IIC.o [1]
  .text              ro code       0x1990    0x44  MK60DN10_systick.o [1]
  .text              ro code       0x19d4   0x2c8  MK60DN10_dma.o [1]
  .text              ro code       0x1c9c    0xec  MK60DN10_port.o [1]
  .text              ro code       0x1d88    0x80  FltSub.o [3]
  .text              ro code       0x1e08    0xd2  DblSub.o [3]
  .text              ro code       0x1edc   0x180  MK60DN10_gpio.o [1]
  .text              ro code       0x205c   0x2b8  PID.o [1]
  .text              ro code       0x2314    0x2a  FltToS32.o [3]
  .text              ro code       0x2340    0x24  FltCmpGe.o [3]
  .text              ro code       0x2364    0x1c  U32ToFlt.o [3]
  .text              ro code       0x2380    0x44  SEEKFREE_FUN.o [1]
  .text              ro code       0x23c4    0x1c  FltCmpEq.o [3]
  .text              ro code       0x23e0    0x24  FltCmpLe.o [3]
  .text              ro code       0x2404   0x1fc  MK60DN10_ftm.o [1]
  .text              ro code       0x2600   0x1f0  Motor.o [1]
  .text              ro code       0x27f0   0x1bc  Encoder.o [1]
  .text              ro code       0x29ac    0x3c  MK60DN10_pit.o [1]
  .text              ro code       0x29e8   0x1ac  MK60DN10_uart.o [1]
  .text              ro code       0x2b94   0x194  Track.o [1]
  .text              ro code       0x2d28   0x188  Steering.o [1]
  .text              ro code       0x2eb0    0xdc  MK60DN10_cmt.o [1]
  .text              ro code       0x2f8c   0x144  Coordinate.o [1]
  .text              ro code       0x30d0    0xf8  GraySensor.o [1]
  .text              ro code       0x31c8    0xfc  main.o [1]
  .text              ro code       0x32c4    0x54  common.o [1]
  .text              ro code       0x3318    0xc2  system_MK60D10.o [1]
  .text              ro code       0x33da    0x2c  copy_init3.o [4]
  .text              ro code       0x3408    0x28  data_init.o [4]
  .iar.init_table    const         0x3430    0x24  - Linker created -
  .text              ro code       0x3454    0x1e  cmain.o [4]
  .text              ro code       0x3472     0x4  low_level_init.o [2]
  .text              ro code       0x3476     0x4  exit.o [2]
  .text              ro code       0x347c     0xa  cexit.o [4]
  .text              ro code       0x3488    0x14  exit.o [5]
  .text              ro code       0x349c    0x10  startup_MK60D10.o [1]
  .text              ro code       0x34ac     0xc  cstartup_M.o [4]
  .text              ro code       0x34b8     0x4  startup_MK60D10.o [1]
  .text              ro code       0x34bc     0x4  startup_MK60D10.o [1]
  .text              ro code       0x34c0     0x4  startup_MK60D10.o [1]
  .text              ro code       0x34c4     0x4  startup_MK60D10.o [1]
  .text              ro code       0x34c8     0x4  startup_MK60D10.o [1]
  .text              ro code       0x34cc     0x4  startup_MK60D10.o [1]
  .text              ro code       0x34d0     0x4  startup_MK60D10.o [1]
  .text              ro code       0x34d4     0x4  startup_MK60D10.o [1]
  .text              ro code       0x34d8     0x4  startup_MK60D10.o [1]
  .text              ro code       0x34dc     0x4  startup_MK60D10.o [1]
  .text              ro code       0x34e0     0x4  startup_MK60D10.o [1]
  .text              ro code       0x34e4     0x4  startup_MK60D10.o [1]
  .text              ro code       0x34e8     0x4  startup_MK60D10.o [1]
  .text              ro code       0x34ec     0x4  startup_MK60D10.o [1]
  .text              ro code       0x34f0     0x4  startup_MK60D10.o [1]
  .text              ro code       0x34f4     0x4  startup_MK60D10.o [1]
  .text              ro code       0x34f8     0x4  startup_MK60D10.o [1]
  .text              ro code       0x34fc     0x4  startup_MK60D10.o [1]
  .text              ro code       0x3500     0x4  startup_MK60D10.o [1]
  .text              ro code       0x3504     0x4  startup_MK60D10.o [1]
  .text              ro code       0x3508     0x4  startup_MK60D10.o [1]
  .text              ro code       0x350c     0x4  startup_MK60D10.o [1]
  .text              ro code       0x3510     0x4  startup_MK60D10.o [1]
  .text              ro code       0x3514     0x4  startup_MK60D10.o [1]
  .text              ro code       0x3518     0x4  startup_MK60D10.o [1]
  .text              ro code       0x351c     0x4  startup_MK60D10.o [1]
  .text              ro code       0x3520     0x4  startup_MK60D10.o [1]
  .text              ro code       0x3524     0x4  startup_MK60D10.o [1]
  .text              ro code       0x3528     0x4  startup_MK60D10.o [1]
  .text              ro code       0x352c     0x4  startup_MK60D10.o [1]
  .text              ro code       0x3530     0x4  startup_MK60D10.o [1]
  .text              ro code       0x3534     0x4  startup_MK60D10.o [1]
  .text              ro code       0x3538     0x4  startup_MK60D10.o [1]
  .text              ro code       0x353c     0x4  startup_MK60D10.o [1]
  .text              ro code       0x3540     0x4  startup_MK60D10.o [1]
  .text              ro code       0x3544     0x4  startup_MK60D10.o [1]
  .text              ro code       0x3548     0x4  startup_MK60D10.o [1]
  .text              ro code       0x354c     0x4  startup_MK60D10.o [1]
  .text              ro code       0x3550     0x4  startup_MK60D10.o [1]
  .text              ro code       0x3554     0x4  startup_MK60D10.o [1]
  .text              ro code       0x3558     0x4  startup_MK60D10.o [1]
  .text              ro code       0x355c     0x4  startup_MK60D10.o [1]
  .text              ro code       0x3560     0x4  startup_MK60D10.o [1]
  .text              ro code       0x3564     0x4  startup_MK60D10.o [1]
  .text              ro code       0x3568     0x4  startup_MK60D10.o [1]
  .text              ro code       0x356c     0x4  startup_MK60D10.o [1]
  .text              ro code       0x3570     0x4  startup_MK60D10.o [1]
  .text              ro code       0x3574     0x4  startup_MK60D10.o [1]
  .text              ro code       0x3578     0x4  startup_MK60D10.o [1]
  .text              ro code       0x357c     0x4  startup_MK60D10.o [1]
  .text              ro code       0x3580     0x4  startup_MK60D10.o [1]
  .text              ro code       0x3584     0x4  startup_MK60D10.o [1]
  .text              ro code       0x3588     0x4  startup_MK60D10.o [1]
  .text              ro code       0x358c     0x4  startup_MK60D10.o [1]
  .text              ro code       0x3590     0x4  startup_MK60D10.o [1]
  .text              ro code       0x3594     0x4  startup_MK60D10.o [1]
  .text              ro code       0x3598     0x4  startup_MK60D10.o [1]
  .text              ro code       0x359c     0x4  startup_MK60D10.o [1]
  .text              ro code       0x35a0     0x4  startup_MK60D10.o [1]
  .text              ro code       0x35a4     0x4  startup_MK60D10.o [1]
  .text              ro code       0x35a8     0x4  startup_MK60D10.o [1]
  .text              ro code       0x35ac     0x4  startup_MK60D10.o [1]
  .text              ro code       0x35b0     0x4  startup_MK60D10.o [1]
  .text              ro code       0x35b4     0x4  startup_MK60D10.o [1]
  .text              ro code       0x35b8     0x4  startup_MK60D10.o [1]
  .text              ro code       0x35bc     0x4  startup_MK60D10.o [1]
  .text              ro code       0x35c0     0x4  startup_MK60D10.o [1]
  .text              ro code       0x35c4     0x4  startup_MK60D10.o [1]
  .text              ro code       0x35c8     0x4  startup_MK60D10.o [1]
  .text              ro code       0x35cc     0x4  startup_MK60D10.o [1]
  .text              ro code       0x35d0     0x4  startup_MK60D10.o [1]
  .text              ro code       0x35d4     0x4  startup_MK60D10.o [1]
  .text              ro code       0x35d8     0x4  startup_MK60D10.o [1]
  .text              ro code       0x35dc     0x4  startup_MK60D10.o [1]
  .text              ro code       0x35e0     0x4  startup_MK60D10.o [1]
  .text              ro code       0x35e4     0x4  startup_MK60D10.o [1]
  .text              ro code       0x35e8     0x4  startup_MK60D10.o [1]
  .text              ro code       0x35ec     0x4  startup_MK60D10.o [1]
  .text              ro code       0x35f0     0x4  startup_MK60D10.o [1]
  .text              ro code       0x35f4     0x4  startup_MK60D10.o [1]
  .text              ro code       0x35f8     0x4  startup_MK60D10.o [1]
  .text              ro code       0x35fc     0x4  startup_MK60D10.o [1]
  .text              ro code       0x3600     0x4  startup_MK60D10.o [1]
  .text              ro code       0x3604     0x4  startup_MK60D10.o [1]
  .text              ro code       0x3608     0x4  startup_MK60D10.o [1]
  .text              ro code       0x360c     0x4  startup_MK60D10.o [1]
  .text              ro code       0x3610     0x4  startup_MK60D10.o [1]
  .text              ro code       0x3614     0x4  startup_MK60D10.o [1]
  .text              ro code       0x3618     0x4  startup_MK60D10.o [1]
  .text              ro code       0x361c     0x4  startup_MK60D10.o [1]
  .text              ro code       0x3620     0x4  startup_MK60D10.o [1]
  .text              ro code       0x3624     0x4  startup_MK60D10.o [1]
  .text              ro code       0x3628     0x4  startup_MK60D10.o [1]
  .text              ro code       0x362c     0x4  startup_MK60D10.o [1]
  .text              ro code       0x3630     0x4  startup_MK60D10.o [1]
  .text              ro code       0x3634     0x4  startup_MK60D10.o [1]
  .text              ro code       0x3638     0x4  startup_MK60D10.o [1]
  .text              ro code       0x363c     0x4  startup_MK60D10.o [1]
  .text              ro code       0x3640     0x4  startup_MK60D10.o [1]
  .text              ro code       0x3644     0x4  startup_MK60D10.o [1]
  .text              ro code       0x3648     0x4  startup_MK60D10.o [1]
  .text              ro code       0x364c     0x4  startup_MK60D10.o [1]
  .text              ro code       0x3650     0x4  startup_MK60D10.o [1]
  .text              ro code       0x3654     0x4  startup_MK60D10.o [1]
  .text              ro code       0x3658     0x4  startup_MK60D10.o [1]
  .text              ro code       0x365c     0x4  startup_MK60D10.o [1]
  .text              ro code       0x3660     0x4  startup_MK60D10.o [1]
  .text              ro code       0x3664     0x4  startup_MK60D10.o [1]
  .text              ro code       0x3668     0x4  startup_MK60D10.o [1]
  .text              ro code       0x366c     0x4  startup_MK60D10.o [1]
  .rodata            const         0x3670     0x0  zero_init3.o [4]
  .rodata            const         0x3670     0x0  copy_init3.o [4]
  Initializer bytes  const         0x3670    0x30  <for P3 s0>
                                 - 0x36a0  0x3290

"P3", part 1 of 3:                           0x30
  P3 s0                       0x1fff'0000    0x30  <Init block>
    .data            inited   0x1fff'0000    0x18  MK60DN10_uart.o [1]
    .data            inited   0x1fff'0018     0xc  common.o [1]
    .data            inited   0x1fff'0024     0x4  Global.o [1]
    .data            inited   0x1fff'0028     0x4  Global.o [1]
    .data            inited   0x1fff'002c     0x4  GraySensor.o [1]
                            - 0x1fff'0030    0x30

"P3", part 2 of 3:                         0x15d0
  .bss               zero     0x1fff'0030  0x12c0  SEEKFREE_7725.o [1]
  .bss               zero     0x1fff'12f0   0x258  SEEKFREE_7725.o [1]
  .bss               zero     0x1fff'1548    0x40  MK60DN10_dma.o [1]
  .bss               zero     0x1fff'1588    0x10  Camera.o [1]
  .bss               zero     0x1fff'1598     0xc  Encoder.o [1]
  .bss               zero     0x1fff'15a4     0xc  Global.o [1]
  .bss               zero     0x1fff'15b0     0xc  Global.o [1]
  .bss               zero     0x1fff'15bc     0xc  Global.o [1]
  .bss               zero     0x1fff'15c8     0x8  MK60DN10_ftm.o [1]
  .bss               zero     0x1fff'15d0     0x8  PID.o [1]
  .bss               zero     0x1fff'15d8     0x8  PID.o [1]
  .bss               zero     0x1fff'15e0     0x5  GraySensor.o [1]
  .bss               zero     0x1fff'15e6     0x2  Global.o [1]
  .bss               zero     0x1fff'15e8     0x4  PID.o [1]
  .bss               zero     0x1fff'15ec     0x4  PID.o [1]
  .bss               zero     0x1fff'15f0     0x4  PID.o [1]
  .bss               zero     0x1fff'15f4     0x2  Global.o [1]
  .bss               zero     0x1fff'15f6     0x2  Global.o [1]
  .bss               zero     0x1fff'15f8     0x2  Global.o [1]
  .bss               zero     0x1fff'15fa     0x2  MK60DN10_cmt.o [1]
  .bss               zero     0x1fff'15fc     0x1  SEEKFREE_7725.o [1]
                            - 0x1fff'15fd  0x15cd

"P3", part 3 of 3:                         0x2000
  CSTACK                      0x1fff'1600  0x2000  <Block>
    CSTACK           uninit   0x1fff'1600  0x2000  <Block tail>
                            - 0x1fff'3600  0x2000

Unused ranges:

         From           To      Size
         ----           --      ----
       0x36a0     0x7'ffff  0x7'c960
  0x1fff'3600  0x1fff'ffff    0xca00
  0x2000'0000  0x2000'ffff  0x1'0000


*******************************************************************************
*** INIT TABLE
***

          Address      Size
          -------      ----
Zero (__iar_zero_init3)
    1 destination range, total size 0x15cd:
          0x1fff'0030  0x15cd

Copy (__iar_copy_init3)
    1 source range, total size 0x30:
               0x3670    0x30
    1 destination range, total size 0x30:
          0x1fff'0000    0x30



*******************************************************************************
*** MODULE SUMMARY
***

    Module              ro code  ro data  rw data
    ------              -------  -------  -------
command line/config:
    ---------------------------------------------
    Total:

D:\ProjectCar\2thProject\ProjectCar\Projecct\IAR\program\MK60_Debug\Obj: [1]
    Camera.o              1 132                16
    Coordinate.o            324
    Encoder.o               444                12
    Global.o                           8       52
    GraySensor.o            248        4        9
    MK60DN10_cmt.o          220                 2
    MK60DN10_dma.o          712                64
    MK60DN10_ftm.o          508                 8
    MK60DN10_gpio.o         384
    MK60DN10_pit.o           60
    MK60DN10_port.o         236
    MK60DN10_systick.o       68
    MK60DN10_uart.o         428       24       24
    Motor.o                 496
    PID.o                   696                28
    SEEKFREE_7725.o         834             5 401
    SEEKFREE_FUN.o           68
    SEEKFREE_IIC.o          600
    SEEKFREE_OLED.o         972
    Steering.o              392
    Track.o                 404
    common.o                 84       12       12
    main.o                  252
    startup_MK60D10.o     1 496
    system_MK60D10.o        194
    ---------------------------------------------
    Total:               11 252       48    5 628

dl7M_tlf.a: [2]
    exit.o                    4
    low_level_init.o          4
    ---------------------------------------------
    Total:                    8

m7M_tl.a: [3]
    DblAdd.o                378
    DblDiv.o                582
    DblSub.o                210
    DblToFlt.o              104
    FltAdd.o                226
    FltCmpEq.o               28
    FltCmpGe.o               36
    FltCmpLe.o               36
    FltDiv.o                252
    FltMul.o                216
    FltSub.o                128
    FltToDbl.o               72
    FltToS32.o               42
    S32ToDbl.o               34
    S32ToFlt.o               36
    U32ToFlt.o               28
    ---------------------------------------------
    Total:                2 408

rt7M_tl.a: [4]
    cexit.o                  10
    cmain.o                  30
    copy_init3.o             44
    cstartup_M.o             12
    data_init.o              40
    zero_init3.o             58
    ---------------------------------------------
    Total:                  194

shb_l.a: [5]
    exit.o                   20
    ---------------------------------------------
    Total:                   20

    Gaps                     18                 1
    Linker created                    36    8 192
-------------------------------------------------
    Grand Total:         13 900       84   13 821


*******************************************************************************
*** ENTRY LIST
***

Entry                       Address    Size  Type      Object
-----                       -------    ----  ----      ------
.iar.init_table$$Base        0x3430           --   Gb  - Linker created -
.iar.init_table$$Limit       0x3454           --   Gb  - Linker created -
?main                        0x3455          Code  Gb  cmain.o [4]
AnglePara               0x1fff'15b0     0xc  Data  Gb  Global.o [1]
Angle_Get                     0x5e7   0x23a  Code  Gb  Camera.o [1]
Angle_PD                     0x20e5    0x44  Code  Gb  PID.o [1]
Angle_PD::AngleLastError
                        0x1fff'15f0     0x4  Data  Lc  PID.o [1]
CSTACK$$Base            0x1fff'1600           --   Gb  - Linker created -
CSTACK$$Limit           0x1fff'3600           --   Gb  - Linker created -
Camera_Init                   0x411     0x4  Code  Gb  Camera.o [1]
Camera_Test                   0x821    0x48  Code  Gb  Camera.o [1]
Coordinate_Command           0x301f    0x92  Code  Gb  Coordinate.o [1]
Coordinate_Test              0x30c1    0x10  Code  Gb  Coordinate.o [1]
DMA0_IRQHandler              0x3295     0xc  Code  Gb  main.o [1]
DMA_count_Init               0x1b3d   0x110  Code  Gb  MK60DN10_dma.o [1]
DMA_count_get                0x1c4d    0x12  Code  Gb  MK60DN10_dma.o [1]
DMA_count_reset              0x1c5f    0x10  Code  Gb  MK60DN10_dma.o [1]
Dir0                    0x1fff'1598     0x1  Data  Gb  Encoder.o [1]
Dir1                    0x1fff'1599     0x1  Data  Gb  Encoder.o [1]
Dir2                    0x1fff'159a     0x1  Data  Gb  Encoder.o [1]
Dir3                    0x1fff'159b     0x1  Data  Gb  Encoder.o [1]
Disable_Wdog                 0x3319    0x16  Code  Gb  system_MK60D10.o [1]
Encoder_Init                 0x281d    0x62  Code  Gb  Encoder.o [1]
Encoder_Test                 0x292f    0x68  Code  Gb  Encoder.o [1]
ErrorPara               0x1fff'15a4     0xc  Data  Gb  Global.o [1]
Error_Get                     0x415   0x1d2  Code  Gb  Camera.o [1]
FTMX                         0x25f4     0xc  Data  Lc  MK60DN10_ftm.o [1]
FTM_port_mux                 0x2405    0xf8  Code  Gb  MK60DN10_ftm.o [1]
GPIOX                        0x2048    0x14  Data  Lc  MK60DN10_gpio.o [1]
GPIOX                        0x1d74    0x14  Data  Gb  MK60DN10_port.o [1]
GraySensor_Init              0x30d1    0x2e  Code  Gb  GraySensor.o [1]
GraySensor_Tset              0x3199    0x28  Code  Gb  GraySensor.o [1]
Gray_Sensor1_Read            0x30ff     0x6  Code  Gb  GraySensor.o [1]
Gray_Sensor2_Read            0x3105     0x6  Code  Gb  GraySensor.o [1]
Gray_Sensor3_Read            0x310b     0x6  Code  Gb  GraySensor.o [1]
Gray_Sensor4_Read            0x3111     0x6  Code  Gb  GraySensor.o [1]
I2C_SendACK                  0x17a5    0x40  Code  Gb  SEEKFREE_IIC.o [1]
IIC_init                     0x1967    0x2a  Code  Gb  SEEKFREE_IIC.o [1]
IIC_start                    0x1747    0x2e  Code  Gb  SEEKFREE_IIC.o [1]
IIC_stop                     0x1775    0x30  Code  Gb  SEEKFREE_IIC.o [1]
Image_Decompression           0xb7d    0x40  Code  Gb  SEEKFREE_7725.o [1]
LB_Encoder_Get               0x28d7    0x2c  Code  Gb  Encoder.o [1]
LB_Motor_Control             0x271d    0x50  Code  Gb  Motor.o [1]
LF_Encoder_Get               0x287f    0x2c  Code  Gb  Encoder.o [1]
LF_Motor_Control             0x267d    0x50  Code  Gb  Motor.o [1]
Motor_Init                   0x2601    0x7c  Code  Gb  Motor.o [1]
Motor_Test                   0x27c9    0x28  Code  Gb  Motor.o [1]
NMI_Handler                  0x33d9     0x2  Code  Gb  system_MK60D10.o [1]
NVIC_DisableIRQ               0x88f    0x12  Code  Lc  SEEKFREE_7725.o [1]
NVIC_EnableIRQ               0x27f1    0x12  Code  Lc  Encoder.o [1]
NVIC_EnableIRQ               0x31c9    0x12  Code  Lc  main.o [1]
NVIC_EnableIRQ               0x19d5    0x12  Code  Lc  MK60DN10_dma.o [1]
NVIC_EnableIRQ                0x87d    0x12  Code  Lc  SEEKFREE_7725.o [1]
NVIC_SetPriority             0x2803    0x1a  Code  Lc  Encoder.o [1]
NVIC_SetPriority             0x31db    0x1a  Code  Lc  main.o [1]
OLED_DLY_ms                  0x1405    0x1c  Code  Gb  SEEKFREE_OLED.o [1]
OLED_Fill                    0x144b    0x3e  Code  Gb  SEEKFREE_OLED.o [1]
OLED_Init                    0x1489   0x120  Code  Gb  SEEKFREE_OLED.o [1]
OLED_Set_Pos                 0x1421    0x2a  Code  Gb  SEEKFREE_OLED.o [1]
OLED_WrCmd                   0x13b9    0x4c  Code  Gb  SEEKFREE_OLED.o [1]
OLED_WrDat                   0x136d    0x4c  Code  Gb  SEEKFREE_OLED.o [1]
OV7725_IDCode           0x1fff'15fc     0x1  Data  Gb  SEEKFREE_7725.o [1]
PIT0_IRQHandler              0x326d    0x24  Code  Gb  main.o [1]
PORTC_IRQHandler             0x3291     0x4  Code  Gb  main.o [1]
PORTX                        0x2034    0x14  Data  Lc  MK60DN10_gpio.o [1]
PORTX                        0x1d60    0x14  Data  Gb  MK60DN10_port.o [1]
Pulse0                  0x1fff'159c     0x2  Data  Gb  Encoder.o [1]
Pulse1                  0x1fff'159e     0x2  Data  Gb  Encoder.o [1]
Pulse2                  0x1fff'15a0     0x2  Data  Gb  Encoder.o [1]
Pulse3                  0x1fff'15a2     0x2  Data  Gb  Encoder.o [1]
RB_Encoder_Get               0x2903    0x2c  Code  Gb  Encoder.o [1]
RB_Motor_Control             0x276d    0x56  Code  Gb  Motor.o [1]
RF_Encoder_Get               0x28ab    0x2c  Code  Gb  Encoder.o [1]
RF_Motor_Control             0x26cd    0x50  Code  Gb  Motor.o [1]
Region$$Table$$Base          0x3430           --   Gb  - Linker created -
Region$$Table$$Limit         0x3454           --   Gb  - Linker created -
SCCB_WaitAck                 0x17e5    0x58  Code  Lc  SEEKFREE_IIC.o [1]
SYSTEM_CLK                   0x332f    0x80  Code  Gb  system_MK60D10.o [1]
Sensor1                 0x1fff'15e0     0x1  Data  Gb  GraySensor.o [1]
Sensor2                 0x1fff'15e1     0x1  Data  Gb  GraySensor.o [1]
Sensor3                 0x1fff'15e2     0x1  Data  Gb  GraySensor.o [1]
Sensor4                 0x1fff'15e3     0x1  Data  Gb  GraySensor.o [1]
Sensor_Trigger               0x3117    0x82  Code  Gb  GraySensor.o [1]
Sensor_Trigger::SensorGrop
                        0x1fff'002c     0x4  Data  Lc  GraySensor.o [1]
SpeedPara               0x1fff'15bc     0xc  Data  Gb  Global.o [1]
Start                        0x33c1    0x18  Code  Gb  system_MK60D10.o [1]
Status                  0x1fff'15e4     0x1  Data  Gb  GraySensor.o [1]
SteeringAll_Control          0x2e41    0x28  Code  Gb  Steering.o [1]
SteeringFive_Control         0x2e13    0x24  Code  Gb  Steering.o [1]
SteeringFour_Control         0x2de9    0x2a  Code  Gb  Steering.o [1]
SteeringOne_Control          0x2d6b    0x2a  Code  Gb  Steering.o [1]
SteeringThree_Control        0x2dbf    0x2a  Code  Gb  Steering.o [1]
SteeringTwo_Control          0x2d95    0x2a  Code  Gb  Steering.o [1]
Steering_Init                0x2d29    0x42  Code  Gb  Steering.o [1]
Steering_Test                0x2e69    0x48  Code  Gb  Steering.o [1]
Track                        0x2b95   0x194  Code  Gb  Track.o [1]
XAngleError             0x1fff'1590     0x4  Data  Gb  Camera.o [1]
XError                  0x1fff'1588     0x4  Data  Gb  Camera.o [1]
XPosition               0x1fff'0024     0x4  Data  Gb  Global.o [1]
XSpeed                  0x1fff'15e6     0x2  Data  Gb  Global.o [1]
XSpeedReal              0x1fff'15f6     0x2  Data  Gb  Global.o [1]
X_Coordinate                 0x2f8d    0x46  Code  Gb  Coordinate.o [1]
X_Error_PD                   0x205d    0x44  Code  Gb  PID.o [1]
X_Error_PD::LastError   0x1fff'15e8     0x4  Data  Lc  PID.o [1]
X_Speed_PID                  0x2129    0xde  Code  Gb  PID.o [1]
X_Speed_PID::Integral   0x1fff'15d4     0x4  Data  Lc  PID.o [1]
X_Speed_PID::LastError  0x1fff'15d0     0x4  Data  Lc  PID.o [1]
YAngleError             0x1fff'1594     0x4  Data  Gb  Camera.o [1]
YError                  0x1fff'158c     0x4  Data  Gb  Camera.o [1]
YPosition               0x1fff'0028     0x4  Data  Gb  Global.o [1]
YSpeed                  0x1fff'15f4     0x2  Data  Gb  Global.o [1]
YSpeedReal              0x1fff'15f8     0x2  Data  Gb  Global.o [1]
Y_Coordinate                 0x2fd3    0x4c  Code  Gb  Coordinate.o [1]
Y_Error_PD                   0x20a1    0x44  Code  Gb  PID.o [1]
Y_Error_PD::LastError   0x1fff'15ec     0x4  Data  Lc  PID.o [1]
Y_Speed_PID                  0x2207    0xde  Code  Gb  PID.o [1]
Y_Speed_PID::Integral   0x1fff'15dc     0x4  Data  Lc  PID.o [1]
Y_Speed_PID::LastError  0x1fff'15d8     0x4  Data  Lc  PID.o [1]
__Vectors                       0x0           --   Gb  startup_MK60D10.o [1]
__Vectors_End                 0x400          Data  Gb  startup_MK60D10.o [1]
__Vectors_Size {Abs}          0x400           --   Gb  startup_MK60D10.o [1]
__aeabi_cfcmpeq              0x23c5          Code  Gb  FltCmpEq.o [3]
__aeabi_cfcmple              0x23e1          Code  Gb  FltCmpLe.o [3]
__aeabi_cfrcmple             0x2341          Code  Gb  FltCmpGe.o [3]
__aeabi_d2f                  0x122d          Code  Gb  DblToFlt.o [3]
__aeabi_dadd                 0x10b1          Code  Gb  DblAdd.o [3]
__aeabi_ddiv                  0xe69          Code  Gb  DblDiv.o [3]
__aeabi_f2d                   0xdfd          Code  Gb  FltToDbl.o [3]
__aeabi_f2iz                 0x2315          Code  Gb  FltToS32.o [3]
__aeabi_fadd                  0xc1d          Code  Gb  FltAdd.o [3]
__aeabi_fdiv                  0xd01          Code  Gb  FltDiv.o [3]
__aeabi_fmul                 0x1295          Code  Gb  FltMul.o [3]
__aeabi_fsub                 0x1d89          Code  Gb  FltSub.o [3]
__aeabi_i2d                   0xe45          Code  Gb  S32ToDbl.o [3]
__aeabi_i2f                   0xbf9          Code  Gb  S32ToFlt.o [3]
__aeabi_ui2f                 0x2365          Code  Gb  U32ToFlt.o [3]
__cmain                      0x3455          Code  Gb  cmain.o [4]
__exit                       0x3489    0x14  Code  Gb  exit.o [5]
__iar_copy_init3             0x33db    0x2c  Code  Gb  copy_init3.o [4]
__iar_dadd                   0x1e09          Code  Gb  DblSub.o [3]
__iar_data_init3             0x3409    0x28  Code  Gb  data_init.o [4]
__iar_dsub                   0x10c1          Code  Gb  DblAdd.o [3]
__iar_dsubStart              0x10d3          Code  Gb  DblAdd.o [3]
__iar_fadd                   0x1d95          Code  Gb  FltSub.o [3]
__iar_fsub                    0xc29          Code  Gb  FltAdd.o [3]
__iar_fsubStart               0xc39          Code  Gb  FltAdd.o [3]
__iar_program_start          0x34ad          Code  Gb  cstartup_M.o [4]
__iar_zero_init3              0xbbf    0x3a  Code  Gb  zero_init3.o [4]
__low_level_init             0x3473     0x4  Code  Gb  low_level_init.o [2]
__vector_table                  0x0          Data  Gb  startup_MK60D10.o [1]
_call_main                   0x3461          Code  Gb  cmain.o [4]
_exit                        0x347d          Code  Gb  cexit.o [4]
_main                        0x346f          Code  Gb  cmain.o [4]
bus_clk_mhz             0x1fff'0020     0x4  Data  Gb  common.o [1]
cmt_period              0x1fff'15fa     0x2  Data  Gb  MK60DN10_cmt.o [1]
cmt_pwm_duty                 0x2f37    0x3c  Code  Gb  MK60DN10_cmt.o [1]
cmt_pwm_init                 0x2eb1    0x86  Code  Gb  MK60DN10_cmt.o [1]
core_clk_mhz            0x1fff'001c     0x4  Data  Gb  common.o [1]
count_init              0x1fff'1548    0x40  Data  Gb  MK60DN10_dma.o [1]
dis_bmp                      0x15a9   0x190  Code  Gb  SEEKFREE_OLED.o [1]
dma_portx2buff_init          0x19e7   0x156  Code  Gb  MK60DN10_dma.o [1]
exit                         0x3477     0x4  Code  Gb  exit.o [2]
ftm_pwm_duty                 0x25a1    0x42  Code  Gb  MK60DN10_ftm.o [1]
ftm_pwm_init                 0x24fd    0xa2  Code  Gb  MK60DN10_ftm.o [1]
get_clk                      0x32c5    0x54  Code  Gb  common.o [1]
gpio_ddr                     0x1f8d    0x3c  Code  Gb  MK60DN10_gpio.o [1]
gpio_get                     0x1fc9    0x2e  Code  Gb  MK60DN10_gpio.o [1]
gpio_init                    0x1edd    0xaa  Code  Gb  MK60DN10_gpio.o [1]
gpio_set                     0x1ff9    0x3c  Code  Gb  MK60DN10_gpio.o [1]
image_bin               0x1fff'12f0   0x258  Data  Gb  SEEKFREE_7725.o [1]
image_dec               0x1fff'0030  0x12c0  Data  Gb  SEEKFREE_7725.o [1]
limit                        0x2387    0x22  Code  Gb  SEEKFREE_FUN.o [1]
limit_ab                     0x23a9    0x1c  Code  Gb  SEEKFREE_FUN.o [1]
main                         0x31f5    0x78  Code  Gb  main.o [1]
mcgout_clk_mhz          0x1fff'0018     0x4  Data  Gb  common.o [1]
myabs                        0x2381     0x6  Code  Gb  SEEKFREE_FUN.o [1]
ov7725_init                   0xb1d    0x12  Code  Gb  SEEKFREE_7725.o [1]
ov7725_port_init              0xacb    0x52  Code  Gb  SEEKFREE_7725.o [1]
ov7725_reg_init               0x8a1   0x22a  Code  Gb  SEEKFREE_7725.o [1]
ov7725_vsync                  0xb2f    0x26  Code  Gb  SEEKFREE_7725.o [1]
period                  0x1fff'15c8     0x8  Data  Gb  MK60DN10_ftm.o [1]
pit_init                     0x29ad    0x2e  Code  Gb  MK60DN10_pit.o [1]
port_init                    0x1c9d    0x6c  Code  Gb  MK60DN10_port.o [1]
port_init_NoAlt              0x1d09    0x54  Code  Gb  MK60DN10_port.o [1]
read_ch                      0x1885    0x78  Code  Gb  SEEKFREE_IIC.o [1]
send_ch                      0x183d    0x48  Code  Gb  SEEKFREE_IIC.o [1]
simiic_delay                 0x1739     0xe  Code  Gb  SEEKFREE_IIC.o [1]
simiic_read_reg              0x1925    0x42  Code  Gb  SEEKFREE_IIC.o [1]
simiic_write_reg             0x18fd    0x28  Code  Gb  SEEKFREE_IIC.o [1]
systick_delay                0x1991    0x1c  Code  Gb  MK60DN10_systick.o [1]
systick_delay_ms             0x19ad    0x1e  Code  Gb  MK60DN10_systick.o [1]
uart                    0x1fff'0000    0x18  Data  Gb  MK60DN10_uart.o [1]
uart_init                    0x29e9   0x198  Code  Gb  MK60DN10_uart.o [1]


[1] = D:\ProjectCar\2thProject\ProjectCar\Projecct\IAR\program\MK60_Debug\Obj
[2] = dl7M_tlf.a
[3] = m7M_tl.a
[4] = rt7M_tl.a
[5] = shb_l.a

  13 900 bytes of readonly  code memory
      84 bytes of readonly  data memory
  13 821 bytes of readwrite data memory

Errors: none
Warnings: none
