###############################################################################
#
# IAR ELF Linker V8.32.1.169/W32 for ARM                  01/Dec/2018  22:14:20
# Copyright 2007-2018 IAR Systems AB.
#
#    Output file  =  
#        D:\ProjectCar\2thProject\ProjectCar\Projecct\IAR\program\MK60_Debug\Exe\SeekFree_Kinetis.out
#    Map file     =  
#        D:\ProjectCar\2thProject\ProjectCar\Projecct\IAR\program\MK60_Debug\List\SeekFree_Kinetis.map
#    Command line =  
#        -f C:\Users\Xu\AppData\Local\Temp\EWF6DC.tmp
#        (D:\ProjectCar\2thProject\ProjectCar\Projecct\IAR\program\MK60_Debug\Obj\Camera.o
#        D:\ProjectCar\2thProject\ProjectCar\Projecct\IAR\program\MK60_Debug\Obj\common.o
#        D:\ProjectCar\2thProject\ProjectCar\Projecct\IAR\program\MK60_Debug\Obj\Coordinate.o
#        D:\ProjectCar\2thProject\ProjectCar\Projecct\IAR\program\MK60_Debug\Obj\diskio.o
#        D:\ProjectCar\2thProject\ProjectCar\Projecct\IAR\program\MK60_Debug\Obj\Encoder.o
#        D:\ProjectCar\2thProject\ProjectCar\Projecct\IAR\program\MK60_Debug\Obj\ff.o
#        D:\ProjectCar\2thProject\ProjectCar\Projecct\IAR\program\MK60_Debug\Obj\GraySensor.o
#        D:\ProjectCar\2thProject\ProjectCar\Projecct\IAR\program\MK60_Debug\Obj\main.o
#        D:\ProjectCar\2thProject\ProjectCar\Projecct\IAR\program\MK60_Debug\Obj\misc.o
#        D:\ProjectCar\2thProject\ProjectCar\Projecct\IAR\program\MK60_Debug\Obj\MK60DN10_adc.o
#        D:\ProjectCar\2thProject\ProjectCar\Projecct\IAR\program\MK60_Debug\Obj\MK60DN10_cmt.o
#        D:\ProjectCar\2thProject\ProjectCar\Projecct\IAR\program\MK60_Debug\Obj\MK60DN10_dac.o
#        D:\ProjectCar\2thProject\ProjectCar\Projecct\IAR\program\MK60_Debug\Obj\MK60DN10_dma.o
#        D:\ProjectCar\2thProject\ProjectCar\Projecct\IAR\program\MK60_Debug\Obj\MK60DN10_flash.o
#        D:\ProjectCar\2thProject\ProjectCar\Projecct\IAR\program\MK60_Debug\Obj\MK60DN10_ftm.o
#        D:\ProjectCar\2thProject\ProjectCar\Projecct\IAR\program\MK60_Debug\Obj\MK60DN10_gpio.o
#        D:\ProjectCar\2thProject\ProjectCar\Projecct\IAR\program\MK60_Debug\Obj\MK60DN10_i2c.o
#        D:\ProjectCar\2thProject\ProjectCar\Projecct\IAR\program\MK60_Debug\Obj\MK60DN10_lptmr.o
#        D:\ProjectCar\2thProject\ProjectCar\Projecct\IAR\program\MK60_Debug\Obj\MK60DN10_pit.o
#        D:\ProjectCar\2thProject\ProjectCar\Projecct\IAR\program\MK60_Debug\Obj\MK60DN10_port.o
#        D:\ProjectCar\2thProject\ProjectCar\Projecct\IAR\program\MK60_Debug\Obj\MK60DN10_rtc.o
#        D:\ProjectCar\2thProject\ProjectCar\Projecct\IAR\program\MK60_Debug\Obj\MK60DN10_sdhc.o
#        D:\ProjectCar\2thProject\ProjectCar\Projecct\IAR\program\MK60_Debug\Obj\MK60DN10_spi.o
#        D:\ProjectCar\2thProject\ProjectCar\Projecct\IAR\program\MK60_Debug\Obj\MK60DN10_systick.o
#        D:\ProjectCar\2thProject\ProjectCar\Projecct\IAR\program\MK60_Debug\Obj\MK60DN10_uart.o
#        D:\ProjectCar\2thProject\ProjectCar\Projecct\IAR\program\MK60_Debug\Obj\MK60DN10_wdog.o
#        D:\ProjectCar\2thProject\ProjectCar\Projecct\IAR\program\MK60_Debug\Obj\Motor.o
#        D:\ProjectCar\2thProject\ProjectCar\Projecct\IAR\program\MK60_Debug\Obj\Parameter.o
#        D:\ProjectCar\2thProject\ProjectCar\Projecct\IAR\program\MK60_Debug\Obj\PID.o
#        D:\ProjectCar\2thProject\ProjectCar\Projecct\IAR\program\MK60_Debug\Obj\SEEKFREE_18TFT.o
#        D:\ProjectCar\2thProject\ProjectCar\Projecct\IAR\program\MK60_Debug\Obj\SEEKFREE_7725.o
#        D:\ProjectCar\2thProject\ProjectCar\Projecct\IAR\program\MK60_Debug\Obj\SEEKFREE_FUN.o
#        D:\ProjectCar\2thProject\ProjectCar\Projecct\IAR\program\MK60_Debug\Obj\SEEKFREE_IIC.o
#        D:\ProjectCar\2thProject\ProjectCar\Projecct\IAR\program\MK60_Debug\Obj\SEEKFREE_L3G4200D.o
#        D:\ProjectCar\2thProject\ProjectCar\Projecct\IAR\program\MK60_Debug\Obj\SEEKFREE_MMA8451.o
#        D:\ProjectCar\2thProject\ProjectCar\Projecct\IAR\program\MK60_Debug\Obj\SEEKFREE_MPU6050.o
#        D:\ProjectCar\2thProject\ProjectCar\Projecct\IAR\program\MK60_Debug\Obj\SEEKFREE_MT9V032.o
#        D:\ProjectCar\2thProject\ProjectCar\Projecct\IAR\program\MK60_Debug\Obj\SEEKFREE_NRF24L01.o
#        D:\ProjectCar\2thProject\ProjectCar\Projecct\IAR\program\MK60_Debug\Obj\SEEKFREE_OLED.o
#        D:\ProjectCar\2thProject\ProjectCar\Projecct\IAR\program\MK60_Debug\Obj\SEEKFREE_TSL1401.o
#        D:\ProjectCar\2thProject\ProjectCar\Projecct\IAR\program\MK60_Debug\Obj\startup_MK60D10.o
#        D:\ProjectCar\2thProject\ProjectCar\Projecct\IAR\program\MK60_Debug\Obj\Steering.o
#        D:\ProjectCar\2thProject\ProjectCar\Projecct\IAR\program\MK60_Debug\Obj\system_MK60D10.o
#        D:\ProjectCar\2thProject\ProjectCar\Projecct\IAR\program\MK60_Debug\Obj\Track.o
#        --no_out_extension -o
#        D:\ProjectCar\2thProject\ProjectCar\Projecct\IAR\program\MK60_Debug\Exe\SeekFree_Kinetis.out
#        --map
#        D:\ProjectCar\2thProject\ProjectCar\Projecct\IAR\program\MK60_Debug\List\SeekFree_Kinetis.map
#        --config D:\IAR\arm\config\linker\NXP\MK60xN512_10.icf --semihosting
#        --entry __iar_program_start --vfe --utf8_text_in --text_out utf8
#        --no_bom)
#
###############################################################################

*******************************************************************************
*** RUNTIME MODEL ATTRIBUTES
***

CppFlavor       = *
__Heap_Handler  = NoFree
__SystemLibrary = DLib
__dlib_version  = 6


*******************************************************************************
*** HEAP SELECTION
***

The no free heap was selected because no calls to memory
deallocation functions were found in the application.


*******************************************************************************
*** PLACEMENT SUMMARY
***

"A0":  place at 0x0 { ro section .intvec };
"P2":  place in [from 0x0 to 0x3ff] |
                [from 0x410 to 0x7'ffff] { ro };
define block CSTACK with size = 8K, alignment = 8 { };
define block HEAP with size = 16K, alignment = 8 { };
"P3":  place in [from 0x1fff'0000 to 0x1fff'ffff repeat 2] {
          rw, block CSTACK, block HEAP };
initialize by copy { rw };

No sections matched the following patterns:

  section FlashConfig  in "P1"


  Section            Kind         Address    Size  Object
  -------            ----         -------    ----  ------
"A0":                                       0x410
  .intvec            ro code          0x0   0x410  startup_MK60D10.o [1]
                                  - 0x410   0x410

"P2":                                       0x788
  .text              ro code        0x410   0x1ac  MK60DN10_uart.o [1]
  .text              ro code        0x5bc    0x98  MK60DN10_port.o [1]
  .text              ro code        0x654    0xd8  MK60DN10_gpio.o [1]
  .text              ro code        0x72c    0xc2  system_MK60D10.o [1]
  .text              ro code        0x7ee    0x3a  zero_init3.o [4]
  .text              ro code        0x828    0x54  common.o [1]
  .text              ro code        0x87c    0x38  SEEKFREE_7725.o [1]
  .text              ro code        0x8b4    0x2c  main.o [1]
  .text              ro code        0x8e0    0x2c  copy_init3.o [4]
  .text              ro code        0x90c    0x28  data_init.o [4]
  .iar.init_table    const          0x934    0x24  - Linker created -
  .text              ro code        0x958    0x1e  cmain.o [4]
  .text              ro code        0x976     0x4  low_level_init.o [2]
  .text              ro code        0x97a     0x4  exit.o [2]
  .text              ro code        0x980     0xa  cexit.o [4]
  .text              ro code        0x98c    0x14  exit.o [5]
  .text              ro code        0x9a0    0x10  startup_MK60D10.o [1]
  .text              ro code        0x9b0     0xc  cstartup_M.o [4]
  .text              ro code        0x9bc     0x4  startup_MK60D10.o [1]
  .text              ro code        0x9c0     0x4  startup_MK60D10.o [1]
  .text              ro code        0x9c4     0x4  startup_MK60D10.o [1]
  .text              ro code        0x9c8     0x4  startup_MK60D10.o [1]
  .text              ro code        0x9cc     0x4  startup_MK60D10.o [1]
  .text              ro code        0x9d0     0x4  startup_MK60D10.o [1]
  .text              ro code        0x9d4     0x4  startup_MK60D10.o [1]
  .text              ro code        0x9d8     0x4  startup_MK60D10.o [1]
  .text              ro code        0x9dc     0x4  startup_MK60D10.o [1]
  .text              ro code        0x9e0     0x4  startup_MK60D10.o [1]
  .text              ro code        0x9e4     0x4  startup_MK60D10.o [1]
  .text              ro code        0x9e8     0x4  startup_MK60D10.o [1]
  .text              ro code        0x9ec     0x4  startup_MK60D10.o [1]
  .text              ro code        0x9f0     0x4  startup_MK60D10.o [1]
  .text              ro code        0x9f4     0x4  startup_MK60D10.o [1]
  .text              ro code        0x9f8     0x4  startup_MK60D10.o [1]
  .text              ro code        0x9fc     0x4  startup_MK60D10.o [1]
  .text              ro code        0xa00     0x4  startup_MK60D10.o [1]
  .text              ro code        0xa04     0x4  startup_MK60D10.o [1]
  .text              ro code        0xa08     0x4  startup_MK60D10.o [1]
  .text              ro code        0xa0c     0x4  startup_MK60D10.o [1]
  .text              ro code        0xa10     0x4  startup_MK60D10.o [1]
  .text              ro code        0xa14     0x4  startup_MK60D10.o [1]
  .text              ro code        0xa18     0x4  startup_MK60D10.o [1]
  .text              ro code        0xa1c     0x4  startup_MK60D10.o [1]
  .text              ro code        0xa20     0x4  startup_MK60D10.o [1]
  .text              ro code        0xa24     0x4  startup_MK60D10.o [1]
  .text              ro code        0xa28     0x4  startup_MK60D10.o [1]
  .text              ro code        0xa2c     0x4  startup_MK60D10.o [1]
  .text              ro code        0xa30     0x4  startup_MK60D10.o [1]
  .text              ro code        0xa34     0x4  startup_MK60D10.o [1]
  .text              ro code        0xa38     0x4  startup_MK60D10.o [1]
  .text              ro code        0xa3c     0x4  startup_MK60D10.o [1]
  .text              ro code        0xa40     0x4  startup_MK60D10.o [1]
  .text              ro code        0xa44     0x4  startup_MK60D10.o [1]
  .text              ro code        0xa48     0x4  startup_MK60D10.o [1]
  .text              ro code        0xa4c     0x4  startup_MK60D10.o [1]
  .text              ro code        0xa50     0x4  startup_MK60D10.o [1]
  .text              ro code        0xa54     0x4  startup_MK60D10.o [1]
  .text              ro code        0xa58     0x4  startup_MK60D10.o [1]
  .text              ro code        0xa5c     0x4  startup_MK60D10.o [1]
  .text              ro code        0xa60     0x4  startup_MK60D10.o [1]
  .text              ro code        0xa64     0x4  startup_MK60D10.o [1]
  .text              ro code        0xa68     0x4  startup_MK60D10.o [1]
  .text              ro code        0xa6c     0x4  startup_MK60D10.o [1]
  .text              ro code        0xa70     0x4  startup_MK60D10.o [1]
  .text              ro code        0xa74     0x4  startup_MK60D10.o [1]
  .text              ro code        0xa78     0x4  startup_MK60D10.o [1]
  .text              ro code        0xa7c     0x4  startup_MK60D10.o [1]
  .text              ro code        0xa80     0x4  startup_MK60D10.o [1]
  .text              ro code        0xa84     0x4  startup_MK60D10.o [1]
  .text              ro code        0xa88     0x4  startup_MK60D10.o [1]
  .text              ro code        0xa8c     0x4  startup_MK60D10.o [1]
  .text              ro code        0xa90     0x4  startup_MK60D10.o [1]
  .text              ro code        0xa94     0x4  startup_MK60D10.o [1]
  .text              ro code        0xa98     0x4  startup_MK60D10.o [1]
  .text              ro code        0xa9c     0x4  startup_MK60D10.o [1]
  .text              ro code        0xaa0     0x4  startup_MK60D10.o [1]
  .text              ro code        0xaa4     0x4  startup_MK60D10.o [1]
  .text              ro code        0xaa8     0x4  startup_MK60D10.o [1]
  .text              ro code        0xaac     0x4  startup_MK60D10.o [1]
  .text              ro code        0xab0     0x4  startup_MK60D10.o [1]
  .text              ro code        0xab4     0x4  startup_MK60D10.o [1]
  .text              ro code        0xab8     0x4  startup_MK60D10.o [1]
  .text              ro code        0xabc     0x4  startup_MK60D10.o [1]
  .text              ro code        0xac0     0x4  startup_MK60D10.o [1]
  .text              ro code        0xac4     0x4  startup_MK60D10.o [1]
  .text              ro code        0xac8     0x4  startup_MK60D10.o [1]
  .text              ro code        0xacc     0x4  startup_MK60D10.o [1]
  .text              ro code        0xad0     0x4  startup_MK60D10.o [1]
  .text              ro code        0xad4     0x4  startup_MK60D10.o [1]
  .text              ro code        0xad8     0x4  startup_MK60D10.o [1]
  .text              ro code        0xadc     0x4  startup_MK60D10.o [1]
  .text              ro code        0xae0     0x4  startup_MK60D10.o [1]
  .text              ro code        0xae4     0x4  startup_MK60D10.o [1]
  .text              ro code        0xae8     0x4  startup_MK60D10.o [1]
  .text              ro code        0xaec     0x4  startup_MK60D10.o [1]
  .text              ro code        0xaf0     0x4  startup_MK60D10.o [1]
  .text              ro code        0xaf4     0x4  startup_MK60D10.o [1]
  .text              ro code        0xaf8     0x4  startup_MK60D10.o [1]
  .text              ro code        0xafc     0x4  startup_MK60D10.o [1]
  .text              ro code        0xb00     0x4  startup_MK60D10.o [1]
  .text              ro code        0xb04     0x4  startup_MK60D10.o [1]
  .text              ro code        0xb08     0x4  startup_MK60D10.o [1]
  .text              ro code        0xb0c     0x4  startup_MK60D10.o [1]
  .text              ro code        0xb10     0x4  startup_MK60D10.o [1]
  .text              ro code        0xb14     0x4  startup_MK60D10.o [1]
  .text              ro code        0xb18     0x4  startup_MK60D10.o [1]
  .text              ro code        0xb1c     0x4  startup_MK60D10.o [1]
  .text              ro code        0xb20     0x4  startup_MK60D10.o [1]
  .text              ro code        0xb24     0x4  startup_MK60D10.o [1]
  .text              ro code        0xb28     0x4  startup_MK60D10.o [1]
  .text              ro code        0xb2c     0x4  startup_MK60D10.o [1]
  .text              ro code        0xb30     0x4  startup_MK60D10.o [1]
  .text              ro code        0xb34     0x4  startup_MK60D10.o [1]
  .text              ro code        0xb38     0x4  startup_MK60D10.o [1]
  .text              ro code        0xb3c     0x4  startup_MK60D10.o [1]
  .text              ro code        0xb40     0x4  startup_MK60D10.o [1]
  .text              ro code        0xb44     0x4  startup_MK60D10.o [1]
  .text              ro code        0xb48     0x4  startup_MK60D10.o [1]
  .text              ro code        0xb4c     0x4  startup_MK60D10.o [1]
  .text              ro code        0xb50     0x4  startup_MK60D10.o [1]
  .text              ro code        0xb54     0x4  startup_MK60D10.o [1]
  .text              ro code        0xb58     0x4  startup_MK60D10.o [1]
  .text              ro code        0xb5c     0x4  startup_MK60D10.o [1]
  .text              ro code        0xb60     0x4  startup_MK60D10.o [1]
  .text              ro code        0xb64     0x4  startup_MK60D10.o [1]
  .text              ro code        0xb68     0x4  startup_MK60D10.o [1]
  .text              ro code        0xb6c     0x4  startup_MK60D10.o [1]
  .text              ro code        0xb70     0x4  startup_MK60D10.o [1]
  .rodata            const          0xb74     0x0  zero_init3.o [4]
  .rodata            const          0xb74     0x0  copy_init3.o [4]
  Initializer bytes  const          0xb74    0x24  <for P3 s0>
                                  - 0xb98   0x788

"P3", part 1 of 3:                           0x24
  P3 s0                       0x1fff'0000    0x24  <Init block>
    .data            inited   0x1fff'0000    0x18  MK60DN10_uart.o [1]
    .data            inited   0x1fff'0018     0xc  common.o [1]
                            - 0x1fff'0024    0x24

"P3", part 2 of 3:                          0x258
  .bss               zero     0x1fff'0024   0x258  SEEKFREE_7725.o [1]
                            - 0x1fff'027c   0x258

"P3", part 3 of 3:                         0x2000
  CSTACK                      0x1fff'0280  0x2000  <Block>
    CSTACK           uninit   0x1fff'0280  0x2000  <Block tail>
                            - 0x1fff'2280  0x2000

Unused ranges:

         From           To      Size
         ----           --      ----
        0xb98     0x7'ffff  0x7'f468
  0x1fff'027c  0x1fff'027f       0x4
  0x1fff'2280  0x1fff'ffff    0xdd80
  0x2000'0000  0x2000'ffff  0x1'0000


*******************************************************************************
*** INIT TABLE
***

          Address      Size
          -------      ----
Zero (__iar_zero_init3)
    1 destination range, total size 0x258:
          0x1fff'0024  0x258

Copy (__iar_copy_init3)
    1 source range, total size 0x24:
                0xb74   0x24
    1 destination range, total size 0x24:
          0x1fff'0000   0x24



*******************************************************************************
*** MODULE SUMMARY
***

    Module             ro code  ro data  rw data
    ------             -------  -------  -------
command line/config:
    --------------------------------------------
    Total:

D:\ProjectCar\2thProject\ProjectCar\Projecct\IAR\program\MK60_Debug\Obj: [1]
    MK60DN10_gpio.o        216
    MK60DN10_port.o        152
    MK60DN10_uart.o        428       24       24
    SEEKFREE_7725.o         56               600
    common.o                84       12       12
    main.o                  44
    startup_MK60D10.o    1 496
    system_MK60D10.o       194
    --------------------------------------------
    Total:               2 670       36      636

dl7M_tlf.a: [2]
    exit.o                   4
    low_level_init.o         4
    --------------------------------------------
    Total:                   8

m7M_tl.a: [3]
    --------------------------------------------
    Total:

rt7M_tl.a: [4]
    cexit.o                 10
    cmain.o                 30
    copy_init3.o            44
    cstartup_M.o            12
    data_init.o             40
    zero_init3.o            58
    --------------------------------------------
    Total:                 194

shb_l.a: [5]
    exit.o                  20
    --------------------------------------------
    Total:                  20

    Gaps                     4
    Linker created                   36    8 192
------------------------------------------------
    Grand Total:         2 896       72    8 828


*******************************************************************************
*** ENTRY LIST
***

Entry                       Address   Size  Type      Object
-----                       -------   ----  ----      ------
.iar.init_table$$Base         0x934          --   Gb  - Linker created -
.iar.init_table$$Limit        0x958          --   Gb  - Linker created -
?main                         0x959         Code  Gb  cmain.o [4]
CSTACK$$Base            0x1fff'0280          --   Gb  - Linker created -
CSTACK$$Limit           0x1fff'2280          --   Gb  - Linker created -
DMA0_IRQHandler               0x8cd    0xc  Code  Gb  main.o [1]
Disable_Wdog                  0x72d   0x16  Code  Gb  system_MK60D10.o [1]
GPIOX                         0x718   0x14  Data  Lc  MK60DN10_gpio.o [1]
GPIOX                         0x640   0x14  Data  Gb  MK60DN10_port.o [1]
NMI_Handler                   0x7ed    0x2  Code  Gb  system_MK60D10.o [1]
PIT0_IRQHandler               0x8bd    0xc  Code  Gb  main.o [1]
PORTC_IRQHandler              0x8c9    0x4  Code  Gb  main.o [1]
PORTX                         0x704   0x14  Data  Lc  MK60DN10_gpio.o [1]
PORTX                         0x62c   0x14  Data  Gb  MK60DN10_port.o [1]
Region$$Table$$Base           0x934          --   Gb  - Linker created -
Region$$Table$$Limit          0x958          --   Gb  - Linker created -
SYSTEM_CLK                    0x743   0x80  Code  Gb  system_MK60D10.o [1]
Start                         0x7d5   0x18  Code  Gb  system_MK60D10.o [1]
__Vectors                       0x0          --   Gb  startup_MK60D10.o [1]
__Vectors_End                 0x400         Data  Gb  startup_MK60D10.o [1]
__Vectors_Size {Abs}          0x400          --   Gb  startup_MK60D10.o [1]
__cmain                       0x959         Code  Gb  cmain.o [4]
__exit                        0x98d   0x14  Code  Gb  exit.o [5]
__iar_copy_init3              0x8e1   0x2c  Code  Gb  copy_init3.o [4]
__iar_data_init3              0x90d   0x28  Code  Gb  data_init.o [4]
__iar_program_start           0x9b1         Code  Gb  cstartup_M.o [4]
__iar_zero_init3              0x7ef   0x3a  Code  Gb  zero_init3.o [4]
__low_level_init              0x977    0x4  Code  Gb  low_level_init.o [2]
__vector_table                  0x0         Data  Gb  startup_MK60D10.o [1]
_call_main                    0x965         Code  Gb  cmain.o [4]
_exit                         0x981         Code  Gb  cexit.o [4]
_main                         0x973         Code  Gb  cmain.o [4]
bus_clk_mhz             0x1fff'0020    0x4  Data  Gb  common.o [1]
core_clk_mhz            0x1fff'001c    0x4  Data  Gb  common.o [1]
exit                          0x97b    0x4  Code  Gb  exit.o [2]
get_clk                       0x829   0x54  Code  Gb  common.o [1]
gpio_init                     0x655   0xaa  Code  Gb  MK60DN10_gpio.o [1]
image_bin               0x1fff'0024  0x258  Data  Gb  SEEKFREE_7725.o [1]
main                          0x8b5    0x8  Code  Gb  main.o [1]
mcgout_clk_mhz          0x1fff'0018    0x4  Data  Gb  common.o [1]
ov7725_vsync                  0x87d   0x26  Code  Gb  SEEKFREE_7725.o [1]
port_init                     0x5bd   0x6c  Code  Gb  MK60DN10_port.o [1]
uart                    0x1fff'0000   0x18  Data  Gb  MK60DN10_uart.o [1]
uart_init                     0x411  0x198  Code  Gb  MK60DN10_uart.o [1]


[1] = D:\ProjectCar\2thProject\ProjectCar\Projecct\IAR\program\MK60_Debug\Obj
[2] = dl7M_tlf.a
[3] = m7M_tl.a
[4] = rt7M_tl.a
[5] = shb_l.a

  2 896 bytes of readonly  code memory
     72 bytes of readonly  data memory
  8 828 bytes of readwrite data memory

Errors: none
Warnings: none
